Sep 10 08:31:06 ip-172-31-3-148 journal: Runtime journal is using 6.0M (max allowed 48.2M, trying to leave 72.4M free of 476.7M available → current limit 48.2M).
Sep 10 08:31:06 ip-172-31-3-148 kernel: Linux version 5.10.130-118.517.amzn2.x86_64 (mockbuild@ip-10-0-43-203) (gcc10-gcc (GCC) 10.3.1 20210422 (Red Hat 10.3.1-1), GNU ld version 2.35-21.amzn2.0.1) #1 SMP Wed Jul 13 16:51:52 UTC 2022
Sep 10 08:31:06 ip-172-31-3-148 kernel: Command line: BOOT_IMAGE=/boot/vmlinuz-5.10.130-118.517.amzn2.x86_64 root=UUID=44322bfa-376f-498c-9617-cd51e46a67d5 ro console=tty0 console=ttyS0,115200n8 net.ifnames=0 biosdevname=0 nvme_core.io_timeout=4294967295 rd.emergency=poweroff rd.shell=0
Sep 10 08:31:06 ip-172-31-3-148 kernel: KASLR disabled
Sep 10 08:31:06 ip-172-31-3-148 kernel: x86/fpu: Supporting XSAVE feature 0x001: 'x87 floating point registers'
Sep 10 08:31:06 ip-172-31-3-148 kernel: x86/fpu: Supporting XSAVE feature 0x002: 'SSE registers'
Sep 10 08:31:06 ip-172-31-3-148 kernel: x86/fpu: Supporting XSAVE feature 0x004: 'AVX registers'
Sep 10 08:31:06 ip-172-31-3-148 kernel: x86/fpu: xstate_offset[2]:  576, xstate_sizes[2]:  256
Sep 10 08:31:06 ip-172-31-3-148 kernel: x86/fpu: Enabled xstate features 0x7, context size is 832 bytes, using 'standard' format.
Sep 10 08:31:06 ip-172-31-3-148 kernel: BIOS-provided physical RAM map:
Sep 10 08:31:06 ip-172-31-3-148 kernel: BIOS-e820: [mem 0x0000000000000000-0x000000000009dfff] usable
Sep 10 08:31:06 ip-172-31-3-148 kernel: BIOS-e820: [mem 0x000000000009e000-0x000000000009ffff] reserved
Sep 10 08:31:06 ip-172-31-3-148 kernel: BIOS-e820: [mem 0x00000000000e0000-0x00000000000fffff] reserved
Sep 10 08:31:06 ip-172-31-3-148 kernel: BIOS-e820: [mem 0x0000000000100000-0x000000003fffffff] usable
Sep 10 08:31:06 ip-172-31-3-148 kernel: BIOS-e820: [mem 0x00000000fc000000-0x00000000ffffffff] reserved
Sep 10 08:31:06 ip-172-31-3-148 kernel: NX (Execute Disable) protection: active
Sep 10 08:31:06 ip-172-31-3-148 kernel: SMBIOS 2.7 present.
Sep 10 08:31:06 ip-172-31-3-148 kernel: DMI: Xen HVM domU, BIOS 4.11.amazon 08/24/2006
Sep 10 08:31:06 ip-172-31-3-148 kernel: Hypervisor detected: Xen HVM
Sep 10 08:31:06 ip-172-31-3-148 kernel: Xen version 4.11.
Sep 10 08:31:06 ip-172-31-3-148 kernel: Netfront and the Xen platform PCI driver have been compiled for this kernel: unplug emulated NICs.
Sep 10 08:31:06 ip-172-31-3-148 kernel: Blkfront and the Xen platform PCI driver have been compiled for this kernel: unplug emulated disks.#012You might have to change the root device#012from /dev/hd[a-d] to /dev/xvd[a-d]#012in your root= kernel command line option
Sep 10 08:31:06 ip-172-31-3-148 kernel: tsc: Fast TSC calibration using PIT
Sep 10 08:31:06 ip-172-31-3-148 kernel: tsc: Detected 2399.895 MHz processor
Sep 10 08:31:06 ip-172-31-3-148 kernel: tsc: Detected 2400.004 MHz TSC
Sep 10 08:31:06 ip-172-31-3-148 kernel: last_pfn = 0x40000 max_arch_pfn = 0x400000000
Sep 10 08:31:06 ip-172-31-3-148 kernel: x86/PAT: Configuration [0-7]: WB  WC  UC- UC  WB  WP  UC- WT  
Sep 10 08:31:06 ip-172-31-3-148 kernel: found SMP MP-table at [mem 0x000fb9a0-0x000fb9af]
Sep 10 08:31:06 ip-172-31-3-148 kernel: check: Scanning 1 areas for low memory corruption
Sep 10 08:31:06 ip-172-31-3-148 kernel: RAMDISK: [mem 0x36b79000-0x375b3fff]
Sep 10 08:31:06 ip-172-31-3-148 kernel: ACPI: Early table checksum verification disabled
Sep 10 08:31:06 ip-172-31-3-148 kernel: ACPI: RSDP 0x00000000000EA020 000024 (v02 Xen   )
Sep 10 08:31:06 ip-172-31-3-148 kernel: ACPI: XSDT 0x00000000FC00C780 000054 (v01 Xen    HVM      00000000 HVML 00000000)
Sep 10 08:31:06 ip-172-31-3-148 kernel: ACPI: FACP 0x00000000FC00C440 0000F4 (v04 Xen    HVM      00000000 HVML 00000000)
Sep 10 08:31:06 ip-172-31-3-148 kernel: ACPI: DSDT 0x00000000FC003940 008A7E (v02 Xen    HVM      00000000 INTL 20090123)
Sep 10 08:31:06 ip-172-31-3-148 kernel: ACPI: FACS 0x00000000FC003900 000040
Sep 10 08:31:06 ip-172-31-3-148 kernel: ACPI: FACS 0x00000000FC003900 000040
Sep 10 08:31:06 ip-172-31-3-148 kernel: ACPI: APIC 0x00000000FC00C540 0000D8 (v02 Xen    HVM      00000000 HVML 00000000)
Sep 10 08:31:06 ip-172-31-3-148 kernel: ACPI: HPET 0x00000000FC00C690 000038 (v01 Xen    HVM      00000000 HVML 00000000)
Sep 10 08:31:06 ip-172-31-3-148 kernel: ACPI: WAET 0x00000000FC00C6D0 000028 (v01 Xen    HVM      00000000 HVML 00000000)
Sep 10 08:31:06 ip-172-31-3-148 kernel: ACPI: SSDT 0x00000000FC00C700 000031 (v02 Xen    HVM      00000000 INTL 20090123)
Sep 10 08:31:06 ip-172-31-3-148 kernel: ACPI: SSDT 0x00000000FC00C740 000033 (v02 Xen    HVM      00000000 INTL 20090123)
Sep 10 08:31:06 ip-172-31-3-148 kernel: ACPI: Reserving FACP table memory at [mem 0xfc00c440-0xfc00c533]
Sep 10 08:31:06 ip-172-31-3-148 kernel: ACPI: Reserving DSDT table memory at [mem 0xfc003940-0xfc00c3bd]
Sep 10 08:31:06 ip-172-31-3-148 kernel: ACPI: Reserving FACS table memory at [mem 0xfc003900-0xfc00393f]
Sep 10 08:31:06 ip-172-31-3-148 kernel: ACPI: Reserving FACS table memory at [mem 0xfc003900-0xfc00393f]
Sep 10 08:31:06 ip-172-31-3-148 kernel: ACPI: Reserving APIC table memory at [mem 0xfc00c540-0xfc00c617]
Sep 10 08:31:06 ip-172-31-3-148 kernel: ACPI: Reserving HPET table memory at [mem 0xfc00c690-0xfc00c6c7]
Sep 10 08:31:06 ip-172-31-3-148 kernel: ACPI: Reserving WAET table memory at [mem 0xfc00c6d0-0xfc00c6f7]
Sep 10 08:31:06 ip-172-31-3-148 kernel: ACPI: Reserving SSDT table memory at [mem 0xfc00c700-0xfc00c730]
Sep 10 08:31:06 ip-172-31-3-148 kernel: ACPI: Reserving SSDT table memory at [mem 0xfc00c740-0xfc00c772]
Sep 10 08:31:06 ip-172-31-3-148 kernel: No NUMA configuration found
Sep 10 08:31:06 ip-172-31-3-148 kernel: Faking a node at [mem 0x0000000000000000-0x000000003fffffff]
Sep 10 08:31:06 ip-172-31-3-148 kernel: NODE_DATA(0) allocated [mem 0x3ffde000-0x3fffffff]
Sep 10 08:31:06 ip-172-31-3-148 kernel: Zone ranges:
Sep 10 08:31:06 ip-172-31-3-148 kernel:  DMA      [mem 0x0000000000001000-0x0000000000ffffff]
Sep 10 08:31:06 ip-172-31-3-148 kernel:  DMA32    [mem 0x0000000001000000-0x000000003fffffff]
Sep 10 08:31:06 ip-172-31-3-148 kernel:  Normal   empty
Sep 10 08:31:06 ip-172-31-3-148 kernel: Movable zone start for each node
Sep 10 08:31:06 ip-172-31-3-148 kernel: Early memory node ranges
Sep 10 08:31:06 ip-172-31-3-148 kernel:  node   0: [mem 0x0000000000001000-0x000000000009dfff]
Sep 10 08:31:06 ip-172-31-3-148 kernel:  node   0: [mem 0x0000000000100000-0x000000003fffffff]
Sep 10 08:31:06 ip-172-31-3-148 kernel: Initmem setup node 0 [mem 0x0000000000001000-0x000000003fffffff]
Sep 10 08:31:06 ip-172-31-3-148 kernel: On node 0, zone DMA: 1 pages in unavailable ranges
Sep 10 08:31:06 ip-172-31-3-148 kernel: On node 0, zone DMA: 98 pages in unavailable ranges
Sep 10 08:31:06 ip-172-31-3-148 kernel: ACPI: PM-Timer IO Port: 0xb008
Sep 10 08:31:06 ip-172-31-3-148 kernel: IOAPIC[0]: apic_id 1, version 17, address 0xfec00000, GSI 0-47
Sep 10 08:31:06 ip-172-31-3-148 kernel: ACPI: INT_SRC_OVR (bus 0 bus_irq 0 global_irq 2 dfl dfl)
Sep 10 08:31:06 ip-172-31-3-148 kernel: ACPI: INT_SRC_OVR (bus 0 bus_irq 5 global_irq 5 low level)
Sep 10 08:31:06 ip-172-31-3-148 kernel: ACPI: INT_SRC_OVR (bus 0 bus_irq 10 global_irq 10 low level)
Sep 10 08:31:06 ip-172-31-3-148 kernel: ACPI: INT_SRC_OVR (bus 0 bus_irq 11 global_irq 11 low level)
Sep 10 08:31:06 ip-172-31-3-148 kernel: Using ACPI (MADT) for SMP configuration information
Sep 10 08:31:06 ip-172-31-3-148 kernel: ACPI: HPET id: 0x8086a201 base: 0xfed00000
Sep 10 08:31:06 ip-172-31-3-148 kernel: TSC deadline timer available
Sep 10 08:31:06 ip-172-31-3-148 kernel: smpboot: Allowing 15 CPUs, 14 hotplug CPUs
Sep 10 08:31:06 ip-172-31-3-148 kernel: PM: hibernation: Registered nosave memory: [mem 0x00000000-0x00000fff]
Sep 10 08:31:06 ip-172-31-3-148 kernel: PM: hibernation: Registered nosave memory: [mem 0x0009e000-0x0009ffff]
Sep 10 08:31:06 ip-172-31-3-148 kernel: PM: hibernation: Registered nosave memory: [mem 0x000a0000-0x000dffff]
Sep 10 08:31:06 ip-172-31-3-148 kernel: PM: hibernation: Registered nosave memory: [mem 0x000e0000-0x000fffff]
Sep 10 08:31:06 ip-172-31-3-148 kernel: [mem 0x40000000-0xfbffffff] available for PCI devices
Sep 10 08:31:06 ip-172-31-3-148 kernel: Booting paravirtualized kernel on Xen HVM
Sep 10 08:31:06 ip-172-31-3-148 kernel: clocksource: refined-jiffies: mask: 0xffffffff max_cycles: 0xffffffff, max_idle_ns: 7645519600211568 ns
Sep 10 08:31:06 ip-172-31-3-148 kernel: setup_percpu: NR_CPUS:8192 nr_cpumask_bits:15 nr_cpu_ids:15 nr_node_ids:1
Sep 10 08:31:06 ip-172-31-3-148 kernel: percpu: Embedded 62 pages/cpu s217088 r8192 d28672 u262144
Sep 10 08:31:06 ip-172-31-3-148 kernel: PV qspinlock hash table entries: 256 (order: 0, 4096 bytes, linear)
Sep 10 08:31:06 ip-172-31-3-148 kernel: Fallback order for Node 0: 0 
Sep 10 08:31:06 ip-172-31-3-148 kernel: Built 1 zonelists, mobility grouping on.  Total pages: 257928
Sep 10 08:31:06 ip-172-31-3-148 kernel: Policy zone: DMA32
Sep 10 08:31:06 ip-172-31-3-148 kernel: Kernel command line: BOOT_IMAGE=/boot/vmlinuz-5.10.130-118.517.amzn2.x86_64 root=UUID=44322bfa-376f-498c-9617-cd51e46a67d5 ro console=tty0 console=ttyS0,115200n8 net.ifnames=0 biosdevname=0 nvme_core.io_timeout=4294967295 rd.emergency=poweroff rd.shell=0
Sep 10 08:31:06 ip-172-31-3-148 kernel: Dentry cache hash table entries: 131072 (order: 8, 1048576 bytes, linear)
Sep 10 08:31:06 ip-172-31-3-148 kernel: Inode-cache hash table entries: 65536 (order: 7, 524288 bytes, linear)
Sep 10 08:31:06 ip-172-31-3-148 kernel: mem auto-init: stack:off, heap alloc:off, heap free:off
Sep 10 08:31:06 ip-172-31-3-148 kernel: Memory: 216300K/1048180K available (12299K kernel code, 9429K rwdata, 6928K rodata, 2200K init, 6832K bss, 77504K reserved, 0K cma-reserved)
Sep 10 08:31:06 ip-172-31-3-148 kernel: SLUB: HWalign=64, Order=0-3, MinObjects=0, CPUs=15, Nodes=1
Sep 10 08:31:06 ip-172-31-3-148 kernel: Kernel/User page tables isolation: enabled
Sep 10 08:31:06 ip-172-31-3-148 kernel: ftrace: allocating 39579 entries in 155 pages
Sep 10 08:31:06 ip-172-31-3-148 kernel: ftrace: allocated 155 pages with 5 groups
Sep 10 08:31:06 ip-172-31-3-148 kernel: rcu: Hierarchical RCU implementation.
Sep 10 08:31:06 ip-172-31-3-148 kernel: rcu: #011RCU restricting CPUs from NR_CPUS=8192 to nr_cpu_ids=15.
Sep 10 08:31:06 ip-172-31-3-148 kernel: #011Rude variant of Tasks RCU enabled.
Sep 10 08:31:06 ip-172-31-3-148 kernel: #011Tracing variant of Tasks RCU enabled.
Sep 10 08:31:06 ip-172-31-3-148 kernel: rcu: RCU calculated value of scheduler-enlistment delay is 25 jiffies.
Sep 10 08:31:06 ip-172-31-3-148 kernel: rcu: Adjusting geometry for rcu_fanout_leaf=16, nr_cpu_ids=15
Sep 10 08:31:06 ip-172-31-3-148 kernel: NR_IRQS: 524544, nr_irqs: 952, preallocated irqs: 16
Sep 10 08:31:06 ip-172-31-3-148 kernel: xen:events: Using 2-level ABI
Sep 10 08:31:06 ip-172-31-3-148 kernel: xen:events: Xen HVM callback vector for event delivery is enabled
Sep 10 08:31:06 ip-172-31-3-148 kernel: random: crng init done
Sep 10 08:31:06 ip-172-31-3-148 kernel: Console: colour VGA+ 80x25
Sep 10 08:31:06 ip-172-31-3-148 kernel: printk: console [tty0] enabled
Sep 10 08:31:06 ip-172-31-3-148 kernel: Cannot get hvm parameter CONSOLE_EVTCHN (18): -22!
Sep 10 08:31:06 ip-172-31-3-148 kernel: printk: console [ttyS0] enabled
Sep 10 08:31:06 ip-172-31-3-148 kernel: ACPI: Core revision 20200925
Sep 10 08:31:06 ip-172-31-3-148 kernel: clocksource: hpet: mask: 0xffffffff max_cycles: 0xffffffff, max_idle_ns: 30580167144 ns
Sep 10 08:31:06 ip-172-31-3-148 kernel: APIC: Switch to symmetric I/O mode setup
Sep 10 08:31:06 ip-172-31-3-148 kernel: x2apic: IRQ remapping doesn't support X2APIC mode
Sep 10 08:31:06 ip-172-31-3-148 kernel: Switched APIC routing to physical flat.
Sep 10 08:31:06 ip-172-31-3-148 kernel: ..TIMER: vector=0x30 apic1=0 pin1=2 apic2=0 pin2=0
Sep 10 08:31:06 ip-172-31-3-148 kernel: clocksource: tsc-early: mask: 0xffffffffffffffff max_cycles: 0x22983b44418, max_idle_ns: 440795259572 ns
Sep 10 08:31:06 ip-172-31-3-148 kernel: Calibrating delay loop (skipped), value calculated using timer frequency.. 4800.00 BogoMIPS (lpj=9600016)
Sep 10 08:31:06 ip-172-31-3-148 kernel: pid_max: default: 32768 minimum: 301
Sep 10 08:31:06 ip-172-31-3-148 kernel: LSM: Security Framework initializing
Sep 10 08:31:06 ip-172-31-3-148 kernel: Yama: becoming mindful.
Sep 10 08:31:06 ip-172-31-3-148 kernel: SELinux:  Initializing.
Sep 10 08:31:06 ip-172-31-3-148 kernel: LSM support for eBPF active
Sep 10 08:31:06 ip-172-31-3-148 kernel: Mount-cache hash table entries: 2048 (order: 2, 16384 bytes, linear)
Sep 10 08:31:06 ip-172-31-3-148 kernel: Mountpoint-cache hash table entries: 2048 (order: 2, 16384 bytes, linear)
Sep 10 08:31:06 ip-172-31-3-148 kernel: Last level iTLB entries: 4KB 1024, 2MB 1024, 4MB 1024
Sep 10 08:31:06 ip-172-31-3-148 kernel: Last level dTLB entries: 4KB 1024, 2MB 1024, 4MB 1024, 1GB 4
Sep 10 08:31:06 ip-172-31-3-148 kernel: Spectre V1 : Mitigation: usercopy/swapgs barriers and __user pointer sanitization
Sep 10 08:31:06 ip-172-31-3-148 kernel: Spectre V2 : Mitigation: Retpolines
Sep 10 08:31:06 ip-172-31-3-148 kernel: Spectre V2 : Spectre v2 / SpectreRSB mitigation: Filling RSB on context switch
Sep 10 08:31:06 ip-172-31-3-148 kernel: Speculative Store Bypass: Vulnerable
Sep 10 08:31:06 ip-172-31-3-148 kernel: MDS: Vulnerable: Clear CPU buffers attempted, no microcode
Sep 10 08:31:06 ip-172-31-3-148 kernel: MMIO Stale Data: Vulnerable: Clear CPU buffers attempted, no microcode
Sep 10 08:31:06 ip-172-31-3-148 kernel: clocksource: xen: mask: 0xffffffffffffffff max_cycles: 0x1cd42e4dffb, max_idle_ns: 881590591483 ns
Sep 10 08:31:06 ip-172-31-3-148 kernel: installing Xen timer for CPU 0
Sep 10 08:31:06 ip-172-31-3-148 kernel: smpboot: CPU0: Intel(R) Xeon(R) CPU E5-2676 v3 @ 2.40GHz (family: 0x6, model: 0x3f, stepping: 0x2)
Sep 10 08:31:06 ip-172-31-3-148 kernel: cpu 0 spinlock event irq 53
Sep 10 08:31:06 ip-172-31-3-148 kernel: Performance Events: unsupported p6 CPU model 63 no PMU driver, software events only.
Sep 10 08:31:06 ip-172-31-3-148 kernel: rcu: Hierarchical SRCU implementation.
Sep 10 08:31:06 ip-172-31-3-148 kernel: NMI watchdog: Perf NMI watchdog permanently disabled
Sep 10 08:31:06 ip-172-31-3-148 kernel: smp: Bringing up secondary CPUs ...
Sep 10 08:31:06 ip-172-31-3-148 kernel: smp: Brought up 1 node, 1 CPU
Sep 10 08:31:06 ip-172-31-3-148 kernel: smpboot: Max logical packages: 15
Sep 10 08:31:06 ip-172-31-3-148 kernel: smpboot: Total of 1 processors activated (4800.00 BogoMIPS)
Sep 10 08:31:06 ip-172-31-3-148 kernel: node 0 deferred pages initialised in 4ms
Sep 10 08:31:06 ip-172-31-3-148 kernel: devtmpfs: initialized
Sep 10 08:31:06 ip-172-31-3-148 kernel: x86/mm: Memory block size: 128MB
Sep 10 08:31:06 ip-172-31-3-148 kernel: clocksource: jiffies: mask: 0xffffffff max_cycles: 0xffffffff, max_idle_ns: 7645041785100000 ns
Sep 10 08:31:06 ip-172-31-3-148 kernel: futex hash table entries: 4096 (order: 6, 262144 bytes, linear)
Sep 10 08:31:06 ip-172-31-3-148 kernel: NET: Registered protocol family 16
Sep 10 08:31:06 ip-172-31-3-148 kernel: DMA: preallocated 128 KiB GFP_KERNEL pool for atomic allocations
Sep 10 08:31:06 ip-172-31-3-148 kernel: DMA: preallocated 128 KiB GFP_KERNEL|GFP_DMA pool for atomic allocations
Sep 10 08:31:06 ip-172-31-3-148 kernel: DMA: preallocated 128 KiB GFP_KERNEL|GFP_DMA32 pool for atomic allocations
Sep 10 08:31:06 ip-172-31-3-148 kernel: audit: initializing netlink subsys (disabled)
Sep 10 08:31:06 ip-172-31-3-148 kernel: thermal_sys: Registered thermal governor 'fair_share'
Sep 10 08:31:06 ip-172-31-3-148 kernel: thermal_sys: Registered thermal governor 'step_wise'
Sep 10 08:31:06 ip-172-31-3-148 kernel: thermal_sys: Registered thermal governor 'user_space'
Sep 10 08:31:06 ip-172-31-3-148 kernel: cpuidle: using governor ladder
Sep 10 08:31:06 ip-172-31-3-148 kernel: cpuidle: using governor menu
Sep 10 08:31:06 ip-172-31-3-148 kernel: ACPI: bus type PCI registered
Sep 10 08:31:06 ip-172-31-3-148 kernel: acpiphp: ACPI Hot Plug PCI Controller Driver version: 0.5
Sep 10 08:31:06 ip-172-31-3-148 kernel: PCI: Using configuration type 1 for base access
Sep 10 08:31:06 ip-172-31-3-148 kernel: Kprobes globally optimized
Sep 10 08:31:06 ip-172-31-3-148 kernel: audit: type=2000 audit(1662798663.299:1): state=initialized audit_enabled=0 res=1
Sep 10 08:31:06 ip-172-31-3-148 kernel: HugeTLB registered 2.00 MiB page size, pre-allocated 0 pages
Sep 10 08:31:06 ip-172-31-3-148 kernel: ACPI: Added _OSI(Module Device)
Sep 10 08:31:06 ip-172-31-3-148 kernel: ACPI: Added _OSI(Processor Device)
Sep 10 08:31:06 ip-172-31-3-148 kernel: ACPI: Added _OSI(3.0 _SCP Extensions)
Sep 10 08:31:06 ip-172-31-3-148 kernel: ACPI: Added _OSI(Processor Aggregator Device)
Sep 10 08:31:06 ip-172-31-3-148 kernel: ACPI: Added _OSI(Linux-Dell-Video)
Sep 10 08:31:06 ip-172-31-3-148 kernel: ACPI: Added _OSI(Linux-Lenovo-NV-HDMI-Audio)
Sep 10 08:31:06 ip-172-31-3-148 kernel: ACPI: Added _OSI(Linux-HPI-Hybrid-Graphics)
Sep 10 08:31:06 ip-172-31-3-148 kernel: ACPI: 3 ACPI AML tables successfully acquired and loaded
Sep 10 08:31:06 ip-172-31-3-148 kernel: ACPI: Interpreter enabled
Sep 10 08:31:06 ip-172-31-3-148 kernel: ACPI: (supports S0 S4 S5)
Sep 10 08:31:06 ip-172-31-3-148 kernel: ACPI: Using IOAPIC for interrupt routing
Sep 10 08:31:06 ip-172-31-3-148 kernel: PCI: Using host bridge windows from ACPI; if necessary, use "pci=nocrs" and report a bug
Sep 10 08:31:06 ip-172-31-3-148 kernel: ACPI: Enabled 2 GPEs in block 00 to 0F
Sep 10 08:31:06 ip-172-31-3-148 kernel: ACPI: PCI Root Bridge [PCI0] (domain 0000 [bus 00-ff])
Sep 10 08:31:06 ip-172-31-3-148 kernel: acpi PNP0A03:00: _OSC: OS supports [ASPM ClockPM Segments MSI HPX-Type3]
Sep 10 08:31:06 ip-172-31-3-148 kernel: acpi PNP0A03:00: fail to add MMCONFIG information, can't access extended PCI configuration space under this bridge.
Sep 10 08:31:06 ip-172-31-3-148 kernel: acpiphp: Slot [0] registered
Sep 10 08:31:06 ip-172-31-3-148 kernel: acpiphp: Slot [3] registered
Sep 10 08:31:06 ip-172-31-3-148 kernel: acpiphp: Slot [4] registered
Sep 10 08:31:06 ip-172-31-3-148 kernel: acpiphp: Slot [5] registered
Sep 10 08:31:06 ip-172-31-3-148 kernel: acpiphp: Slot [6] registered
Sep 10 08:31:06 ip-172-31-3-148 kernel: acpiphp: Slot [7] registered
Sep 10 08:31:06 ip-172-31-3-148 kernel: acpiphp: Slot [8] registered
Sep 10 08:31:06 ip-172-31-3-148 kernel: acpiphp: Slot [9] registered
Sep 10 08:31:06 ip-172-31-3-148 kernel: acpiphp: Slot [10] registered
Sep 10 08:31:06 ip-172-31-3-148 kernel: acpiphp: Slot [11] registered
Sep 10 08:31:06 ip-172-31-3-148 kernel: acpiphp: Slot [12] registered
Sep 10 08:31:06 ip-172-31-3-148 kernel: acpiphp: Slot [13] registered
Sep 10 08:31:06 ip-172-31-3-148 kernel: acpiphp: Slot [14] registered
Sep 10 08:31:06 ip-172-31-3-148 kernel: acpiphp: Slot [15] registered
Sep 10 08:31:06 ip-172-31-3-148 kernel: acpiphp: Slot [16] registered
Sep 10 08:31:06 ip-172-31-3-148 kernel: acpiphp: Slot [17] registered
Sep 10 08:31:06 ip-172-31-3-148 kernel: acpiphp: Slot [18] registered
Sep 10 08:31:06 ip-172-31-3-148 kernel: acpiphp: Slot [19] registered
Sep 10 08:31:06 ip-172-31-3-148 kernel: acpiphp: Slot [20] registered
Sep 10 08:31:06 ip-172-31-3-148 kernel: acpiphp: Slot [21] registered
Sep 10 08:31:06 ip-172-31-3-148 kernel: acpiphp: Slot [22] registered
Sep 10 08:31:06 ip-172-31-3-148 kernel: acpiphp: Slot [23] registered
Sep 10 08:31:06 ip-172-31-3-148 kernel: acpiphp: Slot [24] registered
Sep 10 08:31:06 ip-172-31-3-148 kernel: acpiphp: Slot [25] registered
Sep 10 08:31:06 ip-172-31-3-148 kernel: acpiphp: Slot [26] registered
Sep 10 08:31:06 ip-172-31-3-148 kernel: acpiphp: Slot [27] registered
Sep 10 08:31:06 ip-172-31-3-148 kernel: acpiphp: Slot [28] registered
Sep 10 08:31:06 ip-172-31-3-148 kernel: acpiphp: Slot [29] registered
Sep 10 08:31:06 ip-172-31-3-148 kernel: acpiphp: Slot [30] registered
Sep 10 08:31:06 ip-172-31-3-148 kernel: acpiphp: Slot [31] registered
Sep 10 08:31:06 ip-172-31-3-148 kernel: PCI host bridge to bus 0000:00
Sep 10 08:31:06 ip-172-31-3-148 kernel: pci_bus 0000:00: root bus resource [io  0x0000-0x0cf7 window]
Sep 10 08:31:06 ip-172-31-3-148 kernel: pci_bus 0000:00: root bus resource [io  0x0d00-0xffff window]
Sep 10 08:31:06 ip-172-31-3-148 kernel: pci_bus 0000:00: root bus resource [mem 0x000a0000-0x000bffff window]
Sep 10 08:31:06 ip-172-31-3-148 kernel: pci_bus 0000:00: root bus resource [mem 0xf0000000-0xfbffffff window]
Sep 10 08:31:06 ip-172-31-3-148 kernel: pci_bus 0000:00: root bus resource [bus 00-ff]
Sep 10 08:31:06 ip-172-31-3-148 kernel: pci 0000:00:00.0: [8086:1237] type 00 class 0x060000
Sep 10 08:31:06 ip-172-31-3-148 kernel: pci 0000:00:01.0: [8086:7000] type 00 class 0x060100
Sep 10 08:31:06 ip-172-31-3-148 kernel: pci 0000:00:01.1: [8086:7010] type 00 class 0x010180
Sep 10 08:31:06 ip-172-31-3-148 kernel: pci 0000:00:01.1: reg 0x20: [io  0xc100-0xc10f]
Sep 10 08:31:06 ip-172-31-3-148 kernel: pci 0000:00:01.1: legacy IDE quirk: reg 0x10: [io  0x01f0-0x01f7]
Sep 10 08:31:06 ip-172-31-3-148 kernel: pci 0000:00:01.1: legacy IDE quirk: reg 0x14: [io  0x03f6]
Sep 10 08:31:06 ip-172-31-3-148 kernel: pci 0000:00:01.1: legacy IDE quirk: reg 0x18: [io  0x0170-0x0177]
Sep 10 08:31:06 ip-172-31-3-148 kernel: pci 0000:00:01.1: legacy IDE quirk: reg 0x1c: [io  0x0376]
Sep 10 08:31:06 ip-172-31-3-148 kernel: * Found PM-Timer Bug on the chipset. Due to workarounds for a bug,#012* this clock source is slow. Consider trying other clock sources
Sep 10 08:31:06 ip-172-31-3-148 kernel: pci 0000:00:01.3: [8086:7113] type 00 class 0x068000
Sep 10 08:31:06 ip-172-31-3-148 kernel: pci 0000:00:01.3: quirk: [io  0xb000-0xb03f] claimed by PIIX4 ACPI
Sep 10 08:31:06 ip-172-31-3-148 kernel: pci 0000:00:02.0: [1013:00b8] type 00 class 0x030000
Sep 10 08:31:06 ip-172-31-3-148 kernel: pci 0000:00:02.0: reg 0x10: [mem 0xf0000000-0xf1ffffff pref]
Sep 10 08:31:06 ip-172-31-3-148 kernel: pci 0000:00:02.0: reg 0x14: [mem 0xf3000000-0xf3000fff]
Sep 10 08:31:06 ip-172-31-3-148 kernel: pci 0000:00:03.0: [5853:0001] type 00 class 0xff8000
Sep 10 08:31:06 ip-172-31-3-148 kernel: pci 0000:00:03.0: reg 0x10: [io  0xc000-0xc0ff]
Sep 10 08:31:06 ip-172-31-3-148 kernel: pci 0000:00:03.0: reg 0x14: [mem 0xf2000000-0xf2ffffff pref]
Sep 10 08:31:06 ip-172-31-3-148 kernel: ACPI: PCI Interrupt Link [LNKA] (IRQs *5 10 11)
Sep 10 08:31:06 ip-172-31-3-148 kernel: ACPI: PCI Interrupt Link [LNKB] (IRQs 5 *10 11)
Sep 10 08:31:06 ip-172-31-3-148 kernel: ACPI: PCI Interrupt Link [LNKC] (IRQs 5 10 *11)
Sep 10 08:31:06 ip-172-31-3-148 kernel: ACPI: PCI Interrupt Link [LNKD] (IRQs *5 10 11)
Sep 10 08:31:06 ip-172-31-3-148 kernel: xen:balloon: Initialising balloon driver
Sep 10 08:31:06 ip-172-31-3-148 kernel: iommu: Default domain type: Translated 
Sep 10 08:31:06 ip-172-31-3-148 kernel: pci 0000:00:02.0: vgaarb: setting as boot VGA device
Sep 10 08:31:06 ip-172-31-3-148 kernel: pci 0000:00:02.0: vgaarb: VGA device added: decodes=io+mem,owns=io+mem,locks=none
Sep 10 08:31:06 ip-172-31-3-148 kernel: pci 0000:00:02.0: vgaarb: bridge control possible
Sep 10 08:31:06 ip-172-31-3-148 kernel: vgaarb: loaded
Sep 10 08:31:06 ip-172-31-3-148 kernel: EDAC MC: Ver: 3.0.0
Sep 10 08:31:06 ip-172-31-3-148 kernel: NetLabel: Initializing
Sep 10 08:31:06 ip-172-31-3-148 kernel: NetLabel:  domain hash size = 128
Sep 10 08:31:06 ip-172-31-3-148 kernel: NetLabel:  protocols = UNLABELED CIPSOv4 CALIPSO
Sep 10 08:31:06 ip-172-31-3-148 kernel: NetLabel:  unlabeled traffic allowed by default
Sep 10 08:31:06 ip-172-31-3-148 kernel: PCI: Using ACPI for IRQ routing
Sep 10 08:31:06 ip-172-31-3-148 kernel: hpet: 3 channels of 0 reserved for per-cpu timers
Sep 10 08:31:06 ip-172-31-3-148 kernel: hpet0: at MMIO 0xfed00000, IRQs 2, 8, 0
Sep 10 08:31:06 ip-172-31-3-148 kernel: hpet0: 3 comparators, 64-bit 62.500000 MHz counter
Sep 10 08:31:06 ip-172-31-3-148 kernel: clocksource: Switched to clocksource xen
Sep 10 08:31:06 ip-172-31-3-148 kernel: VFS: Disk quotas dquot_6.6.0
Sep 10 08:31:06 ip-172-31-3-148 kernel: VFS: Dquot-cache hash table entries: 512 (order 0, 4096 bytes)
Sep 10 08:31:06 ip-172-31-3-148 kernel: pnp: PnP ACPI init
Sep 10 08:31:06 ip-172-31-3-148 kernel: system 00:00: [mem 0x00000000-0x0009ffff] could not be reserved
Sep 10 08:31:06 ip-172-31-3-148 kernel: system 00:01: [io  0x08a0-0x08a3] has been reserved
Sep 10 08:31:06 ip-172-31-3-148 kernel: system 00:01: [io  0x0cc0-0x0ccf] has been reserved
Sep 10 08:31:06 ip-172-31-3-148 kernel: system 00:01: [io  0x04d0-0x04d1] has been reserved
Sep 10 08:31:06 ip-172-31-3-148 kernel: system 00:07: [io  0x10c0-0x1141] has been reserved
Sep 10 08:31:06 ip-172-31-3-148 kernel: system 00:07: [io  0xb044-0xb047] has been reserved
Sep 10 08:31:06 ip-172-31-3-148 kernel: pnp: PnP ACPI: found 8 devices
Sep 10 08:31:06 ip-172-31-3-148 kernel: clocksource: acpi_pm: mask: 0xffffff max_cycles: 0xffffff, max_idle_ns: 2085701024 ns
Sep 10 08:31:06 ip-172-31-3-148 kernel: NET: Registered protocol family 2
Sep 10 08:31:06 ip-172-31-3-148 kernel: IP idents hash table entries: 16384 (order: 5, 131072 bytes, linear)
Sep 10 08:31:06 ip-172-31-3-148 kernel: tcp_listen_portaddr_hash hash table entries: 512 (order: 1, 8192 bytes, linear)
Sep 10 08:31:06 ip-172-31-3-148 kernel: TCP established hash table entries: 8192 (order: 4, 65536 bytes, linear)
Sep 10 08:31:06 ip-172-31-3-148 kernel: TCP bind hash table entries: 8192 (order: 5, 131072 bytes, linear)
Sep 10 08:31:06 ip-172-31-3-148 kernel: TCP: Hash tables configured (established 8192 bind 8192)
Sep 10 08:31:06 ip-172-31-3-148 kernel: MPTCP token hash table entries: 1024 (order: 2, 24576 bytes, linear)
Sep 10 08:31:06 ip-172-31-3-148 kernel: UDP hash table entries: 512 (order: 2, 16384 bytes, linear)
Sep 10 08:31:06 ip-172-31-3-148 kernel: UDP-Lite hash table entries: 512 (order: 2, 16384 bytes, linear)
Sep 10 08:31:06 ip-172-31-3-148 kernel: NET: Registered protocol family 1
Sep 10 08:31:06 ip-172-31-3-148 kernel: NET: Registered protocol family 44
Sep 10 08:31:06 ip-172-31-3-148 kernel: pci_bus 0000:00: resource 4 [io  0x0000-0x0cf7 window]
Sep 10 08:31:06 ip-172-31-3-148 kernel: pci_bus 0000:00: resource 5 [io  0x0d00-0xffff window]
Sep 10 08:31:06 ip-172-31-3-148 kernel: pci_bus 0000:00: resource 6 [mem 0x000a0000-0x000bffff window]
Sep 10 08:31:06 ip-172-31-3-148 kernel: pci_bus 0000:00: resource 7 [mem 0xf0000000-0xfbffffff window]
Sep 10 08:31:06 ip-172-31-3-148 kernel: pci 0000:00:01.0: PIIX3: Enabling Passive Release
Sep 10 08:31:06 ip-172-31-3-148 kernel: pci 0000:00:00.0: Limiting direct PCI/PCI transfers
Sep 10 08:31:06 ip-172-31-3-148 kernel: pci 0000:00:01.0: Activating ISA DMA hang workarounds
Sep 10 08:31:06 ip-172-31-3-148 kernel: pci 0000:00:02.0: Video device with shadowed ROM at [mem 0x000c0000-0x000dffff]
Sep 10 08:31:06 ip-172-31-3-148 kernel: PCI: CLS 0 bytes, default 64
Sep 10 08:31:06 ip-172-31-3-148 kernel: Trying to unpack rootfs image as initramfs...
Sep 10 08:31:06 ip-172-31-3-148 kernel: Freeing initrd memory: 10476K
Sep 10 08:31:06 ip-172-31-3-148 kernel: clocksource: tsc: mask: 0xffffffffffffffff max_cycles: 0x22983b44418, max_idle_ns: 440795259572 ns
Sep 10 08:31:06 ip-172-31-3-148 kernel: check: Scanning for low memory corruption every 60 seconds
Sep 10 08:31:06 ip-172-31-3-148 kernel: Initialise system trusted keyrings
Sep 10 08:31:06 ip-172-31-3-148 kernel: Key type blacklist registered
Sep 10 08:31:06 ip-172-31-3-148 kernel: workingset: timestamp_bits=36 max_order=18 bucket_order=0
Sep 10 08:31:06 ip-172-31-3-148 kernel: zbud: loaded
Sep 10 08:31:06 ip-172-31-3-148 kernel: SGI XFS with ACLs, security attributes, quota, no debug enabled
Sep 10 08:31:06 ip-172-31-3-148 kernel: Key type asymmetric registered
Sep 10 08:31:06 ip-172-31-3-148 kernel: Asymmetric key parser 'x509' registered
Sep 10 08:31:06 ip-172-31-3-148 kernel: Block layer SCSI generic (bsg) driver version 0.4 loaded (major 251)
Sep 10 08:31:06 ip-172-31-3-148 kernel: io scheduler mq-deadline registered
Sep 10 08:31:06 ip-172-31-3-148 kernel: io scheduler kyber registered
Sep 10 08:31:06 ip-172-31-3-148 kernel: io scheduler bfq registered
Sep 10 08:31:06 ip-172-31-3-148 kernel: shpchp: Standard Hot Plug PCI Controller Driver version: 0.4
Sep 10 08:31:06 ip-172-31-3-148 kernel: xen:grant_table: Grant tables using version 1 layout
Sep 10 08:31:06 ip-172-31-3-148 kernel: Grant table initialized
Sep 10 08:31:06 ip-172-31-3-148 kernel: Cannot get hvm parameter CONSOLE_EVTCHN (18): -22!
Sep 10 08:31:06 ip-172-31-3-148 kernel: Serial: 8250/16550 driver, 4 ports, IRQ sharing disabled
Sep 10 08:31:06 ip-172-31-3-148 kernel: 00:06: ttyS0 at I/O 0x3f8 (irq = 4, base_baud = 115200) is a 16550A
Sep 10 08:31:06 ip-172-31-3-148 kernel: Invalid max_queues (4), will use default max: 1.
Sep 10 08:31:06 ip-172-31-3-148 kernel: xen_netfront: Initialising Xen virtual ethernet driver
Sep 10 08:31:06 ip-172-31-3-148 kernel: i8042: PNP: PS/2 Controller [PNP0303:PS2K,PNP0f13:PS2M] at 0x60,0x64 irq 1,12
Sep 10 08:31:06 ip-172-31-3-148 kernel: serio: i8042 KBD port at 0x60,0x64 irq 1
Sep 10 08:31:06 ip-172-31-3-148 kernel: serio: i8042 AUX port at 0x60,0x64 irq 12
Sep 10 08:31:06 ip-172-31-3-148 kernel: input: AT Translated Set 2 keyboard as /devices/platform/i8042/serio0/input/input0
Sep 10 08:31:06 ip-172-31-3-148 kernel: hpet: Lost 2 RTC interrupts
Sep 10 08:31:06 ip-172-31-3-148 kernel: rtc_cmos 00:02: registered as rtc0
Sep 10 08:31:06 ip-172-31-3-148 kernel: rtc_cmos 00:02: setting system clock to 2022-09-10T08:31:05 UTC (1662798665)
Sep 10 08:31:06 ip-172-31-3-148 kernel: rtc_cmos 00:02: alarms up to one day, 114 bytes nvram, hpet irqs
Sep 10 08:31:06 ip-172-31-3-148 kernel: intel_pstate: CPU model not supported
Sep 10 08:31:06 ip-172-31-3-148 kernel: hid: raw HID events driver (C) Jiri Kosina
Sep 10 08:31:06 ip-172-31-3-148 kernel: NET: Registered protocol family 10
Sep 10 08:31:06 ip-172-31-3-148 kernel: Segment Routing with IPv6
Sep 10 08:31:06 ip-172-31-3-148 kernel: NET: Registered protocol family 17
Sep 10 08:31:06 ip-172-31-3-148 kernel: IPI shorthand broadcast: enabled
Sep 10 08:31:06 ip-172-31-3-148 kernel: sched_clock: Marking stable (2068383973, 967938546)->(3609489253, -573166734)
Sep 10 08:31:06 ip-172-31-3-148 kernel: registered taskstats version 1
Sep 10 08:31:06 ip-172-31-3-148 kernel: Loading compiled-in X.509 certificates
Sep 10 08:31:06 ip-172-31-3-148 kernel: Loaded X.509 cert 'Build time autogenerated kernel key: 04a58f2ba433cf8a06750b11c42b0ed04ad7f72a'
Sep 10 08:31:06 ip-172-31-3-148 kernel: zswap: loaded using pool lzo/zbud
Sep 10 08:31:06 ip-172-31-3-148 kernel: ima: No TPM chip found, activating TPM-bypass!
Sep 10 08:31:06 ip-172-31-3-148 kernel: ima: Allocated hash algorithm: sha1
Sep 10 08:31:06 ip-172-31-3-148 kernel: ima: No architecture policies found
Sep 10 08:31:06 ip-172-31-3-148 kernel: blkfront: xvda: barrier or flush: disabled; persistent grants: disabled; indirect descriptors: enabled; bounce buffer: disabled;
Sep 10 08:31:06 ip-172-31-3-148 kernel: xvda: xvda1
Sep 10 08:31:06 ip-172-31-3-148 kernel: Freeing unused decrypted memory: 2036K
Sep 10 08:31:06 ip-172-31-3-148 kernel: Freeing unused kernel image (initmem) memory: 2200K
Sep 10 08:31:06 ip-172-31-3-148 kernel: Write protecting the kernel read-only data: 22528k
Sep 10 08:31:06 ip-172-31-3-148 kernel: Freeing unused kernel image (text/rodata gap) memory: 2036K
Sep 10 08:31:06 ip-172-31-3-148 kernel: Freeing unused kernel image (rodata/data gap) memory: 1264K
Sep 10 08:31:06 ip-172-31-3-148 kernel: Run /init as init process
Sep 10 08:31:06 ip-172-31-3-148 systemd[1]: systemd 219 running in system mode. (+PAM +AUDIT +SELINUX +IMA -APPARMOR +SMACK +SYSVINIT +UTMP +LIBCRYPTSETUP +GCRYPT +GNUTLS +ACL +XZ +LZ4 -SECCOMP +BLKID +ELFUTILS +KMOD +IDN)
Sep 10 08:31:06 ip-172-31-3-148 systemd[1]: Detected virtualization xen.
Sep 10 08:31:06 ip-172-31-3-148 systemd[1]: Detected architecture x86-64.
Sep 10 08:31:06 ip-172-31-3-148 systemd[1]: Running in initial RAM disk.
Sep 10 08:31:06 ip-172-31-3-148 systemd[1]: No hostname configured.
Sep 10 08:31:06 ip-172-31-3-148 systemd[1]: Set hostname to <localhost>.
Sep 10 08:31:06 ip-172-31-3-148 systemd[1]: Initializing machine ID from random generator.
Sep 10 08:31:06 ip-172-31-3-148 systemd[1]: Reached target Timers.
Sep 10 08:31:06 ip-172-31-3-148 systemd[1]: Started Dispatch Password Requests to Console Directory Watch.
Sep 10 08:31:06 ip-172-31-3-148 systemd[1]: Reached target Local File Systems.
Sep 10 08:31:06 ip-172-31-3-148 journal: Journal started
Sep 10 08:31:06 ip-172-31-3-148 systemd: Started Create list of required static device nodes for the current kernel.
Sep 10 08:31:06 ip-172-31-3-148 systemd: Started Apply Kernel Variables.
Sep 10 08:31:06 ip-172-31-3-148 systemd: Starting Create Static Device Nodes in /dev...
Sep 10 08:31:06 ip-172-31-3-148 systemd: Started Create Static Device Nodes in /dev.
Sep 10 08:31:06 ip-172-31-3-148 systemd: Starting udev Kernel Device Manager...
Sep 10 08:31:06 ip-172-31-3-148 systemd-udevd: starting version 219
Sep 10 08:31:06 ip-172-31-3-148 systemd-udevd: Network interface NamePolicy= disabled on kernel command line, ignoring.
Sep 10 08:31:06 ip-172-31-3-148 systemd: Started udev Kernel Device Manager.
Sep 10 08:31:06 ip-172-31-3-148 systemd: Starting dracut pre-trigger hook...
Sep 10 08:31:06 ip-172-31-3-148 systemd: Started dracut pre-trigger hook.
Sep 10 08:31:06 ip-172-31-3-148 systemd: Starting udev Coldplug all Devices...
Sep 10 08:31:06 ip-172-31-3-148 systemd-udevd: Network interface NamePolicy= disabled on kernel command line, ignoring.
Sep 10 08:31:06 ip-172-31-3-148 systemd: Started udev Coldplug all Devices.
Sep 10 08:31:06 ip-172-31-3-148 systemd: Reached target System Initialization.
Sep 10 08:31:06 ip-172-31-3-148 systemd: Reached target Basic System.
Sep 10 08:31:06 ip-172-31-3-148 systemd: Starting dracut initqueue hook...
Sep 10 08:31:06 ip-172-31-3-148 systemd: Found device /dev/disk/by-uuid/44322bfa-376f-498c-9617-cd51e46a67d5.
Sep 10 08:31:06 ip-172-31-3-148 systemd: Starting File System Check on /dev/disk/by-uuid/44322bfa-376f-498c-9617-cd51e46a67d5...
Sep 10 08:31:06 ip-172-31-3-148 systemd-fsck: fsck.xfs doesn't exist, not checking file system on /dev/disk/by-uuid/44322bfa-376f-498c-9617-cd51e46a67d5
Sep 10 08:31:06 ip-172-31-3-148 systemd: Started File System Check on /dev/disk/by-uuid/44322bfa-376f-498c-9617-cd51e46a67d5.
Sep 10 08:31:06 ip-172-31-3-148 kernel: SCSI subsystem initialized
Sep 10 08:31:06 ip-172-31-3-148 kernel: scsi host0: ata_piix
Sep 10 08:31:06 ip-172-31-3-148 kernel: scsi host1: ata_piix
Sep 10 08:31:06 ip-172-31-3-148 kernel: ata1: PATA max MWDMA2 cmd 0x1f0 ctl 0x3f6 bmdma 0xc100 irq 14
Sep 10 08:31:06 ip-172-31-3-148 kernel: ata2: PATA max MWDMA2 cmd 0x170 ctl 0x376 bmdma 0xc108 irq 15
Sep 10 08:31:06 ip-172-31-3-148 systemd: Started dracut initqueue hook.
Sep 10 08:31:06 ip-172-31-3-148 systemd: Mounting /sysroot...
Sep 10 08:31:06 ip-172-31-3-148 systemd: Reached target Remote File Systems (Pre).
Sep 10 08:31:06 ip-172-31-3-148 systemd: Reached target Remote File Systems.
Sep 10 08:31:06 ip-172-31-3-148 kernel: XFS (xvda1): Mounting V5 Filesystem
Sep 10 08:31:06 ip-172-31-3-148 kernel: XFS (xvda1): Ending clean mount
Sep 10 08:31:06 ip-172-31-3-148 systemd: Mounted /sysroot.
Sep 10 08:31:06 ip-172-31-3-148 systemd: Reached target Initrd Root File System.
Sep 10 08:31:06 ip-172-31-3-148 systemd: Starting Reload Configuration from the Real Root...
Sep 10 08:31:06 ip-172-31-3-148 systemd: Reloading.
Sep 10 08:31:06 ip-172-31-3-148 systemd: Started Reload Configuration from the Real Root.
Sep 10 08:31:06 ip-172-31-3-148 systemd: Reached target Initrd File Systems.
Sep 10 08:31:06 ip-172-31-3-148 systemd: Reached target Initrd Default Target.
Sep 10 08:31:06 ip-172-31-3-148 systemd: Starting dracut pre-pivot and cleanup hook...
Sep 10 08:31:07 ip-172-31-3-148 systemd: Started dracut pre-pivot and cleanup hook.
Sep 10 08:31:07 ip-172-31-3-148 systemd: Starting Cleaning Up and Shutting Down Daemons...
Sep 10 08:31:07 ip-172-31-3-148 systemd: Started Cleaning Up and Shutting Down Daemons.
Sep 10 08:31:07 ip-172-31-3-148 systemd: Stopped dracut pre-pivot and cleanup hook.
Sep 10 08:31:07 ip-172-31-3-148 systemd: Stopped target Initrd Default Target.
Sep 10 08:31:07 ip-172-31-3-148 systemd: Stopped target Basic System.
Sep 10 08:31:07 ip-172-31-3-148 systemd: Stopped target Paths.
Sep 10 08:31:07 ip-172-31-3-148 systemd: Stopped Dispatch Password Requests to Console Directory Watch.
Sep 10 08:31:07 ip-172-31-3-148 systemd: Stopped target Remote File Systems.
Sep 10 08:31:07 ip-172-31-3-148 systemd: Stopped target Remote File Systems (Pre).
Sep 10 08:31:07 ip-172-31-3-148 systemd: Stopped target Slices.
Sep 10 08:31:07 ip-172-31-3-148 systemd: Stopped target Timers.
Sep 10 08:31:07 ip-172-31-3-148 systemd: Stopped dracut initqueue hook.
Sep 10 08:31:07 ip-172-31-3-148 systemd: Stopped target Sockets.
Sep 10 08:31:07 ip-172-31-3-148 systemd: Stopped target System Initialization.
Sep 10 08:31:07 ip-172-31-3-148 systemd: Stopped Apply Kernel Variables.
Sep 10 08:31:07 ip-172-31-3-148 systemd: Stopped target Swap.
Sep 10 08:31:07 ip-172-31-3-148 systemd: Stopped udev Coldplug all Devices.
Sep 10 08:31:07 ip-172-31-3-148 systemd: Stopped dracut pre-trigger hook.
Sep 10 08:31:07 ip-172-31-3-148 systemd: Stopping udev Kernel Device Manager...
Sep 10 08:31:07 ip-172-31-3-148 systemd: Stopped target Local File Systems.
Sep 10 08:31:07 ip-172-31-3-148 systemd: Stopped udev Kernel Device Manager.
Sep 10 08:31:07 ip-172-31-3-148 systemd: Stopped Create Static Device Nodes in /dev.
Sep 10 08:31:07 ip-172-31-3-148 systemd: Stopped Create list of required static device nodes for the current kernel.
Sep 10 08:31:07 ip-172-31-3-148 systemd: Closed udev Kernel Socket.
Sep 10 08:31:07 ip-172-31-3-148 systemd: Closed udev Control Socket.
Sep 10 08:31:07 ip-172-31-3-148 systemd: Starting Cleanup udevd DB...
Sep 10 08:31:07 ip-172-31-3-148 systemd: Started Cleanup udevd DB.
Sep 10 08:31:07 ip-172-31-3-148 systemd: Reached target Switch Root.
Sep 10 08:31:07 ip-172-31-3-148 systemd: Starting Switch Root...
Sep 10 08:31:07 ip-172-31-3-148 systemd: Switching root.
Sep 10 08:31:07 ip-172-31-3-148 journal: Journal stopped
Sep 10 08:31:07 ip-172-31-3-148 journal: Runtime journal is using 6.0M (max allowed 48.2M, trying to leave 72.4M free of 470.6M available → current limit 48.2M).
Sep 10 08:31:07 ip-172-31-3-148 systemd-journald[991]: Received SIGTERM from PID 1 (systemd).
Sep 10 08:31:07 ip-172-31-3-148 kernel: printk: systemd: 13 output lines suppressed due to ratelimiting
Sep 10 08:31:07 ip-172-31-3-148 kernel: SELinux:  Runtime disable is deprecated, use selinux=0 on the kernel cmdline.
Sep 10 08:31:07 ip-172-31-3-148 kernel: SELinux:  Disabled at runtime.
Sep 10 08:31:07 ip-172-31-3-148 kernel: audit: type=1404 audit(1662798667.292:2): enforcing=0 old_enforcing=0 auid=4294967295 ses=4294967295 enabled=0 old-enabled=1 lsm=selinux res=1
Sep 10 08:31:07 ip-172-31-3-148 journal: Journal started
Sep 10 08:31:07 ip-172-31-3-148 systemd: systemd 219 running in system mode. (+PAM +AUDIT +SELINUX +IMA -APPARMOR +SMACK +SYSVINIT +UTMP +LIBCRYPTSETUP +GCRYPT +GNUTLS +ACL +XZ +LZ4 -SECCOMP +BLKID +ELFUTILS +KMOD +IDN)
Sep 10 08:31:07 ip-172-31-3-148 systemd: Detected virtualization xen.
Sep 10 08:31:07 ip-172-31-3-148 systemd: Detected architecture x86-64.
Sep 10 08:31:07 ip-172-31-3-148 systemd: Initializing machine ID from random generator.
Sep 10 08:31:07 ip-172-31-3-148 systemd: Installed transient /etc/machine-id file.
Sep 10 08:31:07 ip-172-31-3-148 systemd: Cannot add dependency job for unit display-manager.service, ignoring: Unit not found.
Sep 10 08:31:07 ip-172-31-3-148 kernel: xfs filesystem being remounted at / supports timestamps until 2038 (0x7fffffff)
Sep 10 08:31:07 ip-172-31-3-148 systemd: Started Create list of required static device nodes for the current kernel.
Sep 10 08:31:07 ip-172-31-3-148 systemd: Started Remount Root and Kernel File Systems.
Sep 10 08:31:07 ip-172-31-3-148 systemd: Started Read and set NIS domainname from /etc/sysconfig/network.
Sep 10 08:31:07 ip-172-31-3-148 systemd: Started Setup Virtual Console.
Sep 10 08:31:07 ip-172-31-3-148 systemd: Starting Configure read-only root support...
Sep 10 08:31:07 ip-172-31-3-148 systemd: Starting Load Kernel Modules...
Sep 10 08:31:07 ip-172-31-3-148 systemd: Starting Rebuild Hardware Database...
Sep 10 08:31:07 ip-172-31-3-148 systemd: Starting Create Static Device Nodes in /dev...
Sep 10 08:31:07 ip-172-31-3-148 systemd: Starting Flush Journal to Persistent Storage...
Sep 10 08:31:07 ip-172-31-3-148 systemd-modules-load: Inserted module 'ena'
Sep 10 08:31:07 ip-172-31-3-148 systemd: Started Configure read-only root support.
Sep 10 08:31:07 ip-172-31-3-148 systemd: Started Load Kernel Modules.
Sep 10 08:31:07 ip-172-31-3-148 systemd: Started Create Static Device Nodes in /dev.
Sep 10 08:31:07 ip-172-31-3-148 journal: Permanent journal is using 8.0M (max allowed 818.0M, trying to leave 1.1G free of 6.7G available → current limit 818.0M).
Sep 10 08:31:07 ip-172-31-3-148 journal: Time spent on flushing to /var is 23.789ms for 512 entries.
Sep 10 08:31:07 ip-172-31-3-148 systemd: Started LVM2 metadata daemon.
Sep 10 08:31:07 ip-172-31-3-148 systemd: Starting udev Kernel Device Manager...
Sep 10 08:31:07 ip-172-31-3-148 systemd: Starting Apply Kernel Variables...
Sep 10 08:31:07 ip-172-31-3-148 systemd-udevd: starting version 219
Sep 10 08:31:07 ip-172-31-3-148 systemd-udevd: Network interface NamePolicy= disabled on kernel command line, ignoring.
Sep 10 08:31:07 ip-172-31-3-148 systemd: Starting Load/Save Random Seed...
Sep 10 08:31:07 ip-172-31-3-148 systemd: Started Apply Kernel Variables.
Sep 10 08:31:07 ip-172-31-3-148 systemd: Started Load/Save Random Seed.
Sep 10 08:31:07 ip-172-31-3-148 systemd: Started udev Kernel Device Manager.
Sep 10 08:31:07 ip-172-31-3-148 systemd: Started Flush Journal to Persistent Storage.
Sep 10 08:31:08 ip-172-31-3-148 systemd: Started Rebuild Hardware Database.
Sep 10 08:31:08 ip-172-31-3-148 systemd: Starting udev Coldplug all Devices...
Sep 10 08:31:08 ip-172-31-3-148 kernel: input: Power Button as /devices/LNXSYSTM:00/LNXPWRBN:00/input/input3
Sep 10 08:31:08 ip-172-31-3-148 systemd: Started udev Coldplug all Devices.
Sep 10 08:31:08 ip-172-31-3-148 systemd: Starting Show Plymouth Boot Screen...
Sep 10 08:31:08 ip-172-31-3-148 kernel: input: ImExPS/2 Generic Explorer Mouse as /devices/platform/i8042/serio1/input/input4
Sep 10 08:31:08 ip-172-31-3-148 kernel: ACPI: Power Button [PWRF]
Sep 10 08:31:08 ip-172-31-3-148 kernel: input: Sleep Button as /devices/LNXSYSTM:00/LNXSLPBN:00/input/input5
Sep 10 08:31:08 ip-172-31-3-148 systemd: Starting udev Wait for Complete Device Initialization...
Sep 10 08:31:08 ip-172-31-3-148 systemd: Found device /dev/ttyS0.
Sep 10 08:31:08 ip-172-31-3-148 systemd: Created slice system-ec2net\x2difup.slice.
Sep 10 08:31:08 ip-172-31-3-148 kernel: cryptd: max_cpu_qlen set to 1000
Sep 10 08:31:08 ip-172-31-3-148 systemd: Received SIGRTMIN+20 from PID 2418 (plymouthd).
Sep 10 08:31:08 ip-172-31-3-148 systemd: Started Show Plymouth Boot Screen.
Sep 10 08:31:08 ip-172-31-3-148 systemd: Started Forward Password Requests to Plymouth Directory Watch.
Sep 10 08:31:08 ip-172-31-3-148 kernel: AVX2 version of gcm_enc/dec engaged.
Sep 10 08:31:08 ip-172-31-3-148 kernel: AES CTR mode by8 optimization enabled
Sep 10 08:31:08 ip-172-31-3-148 kernel: ACPI: Sleep Button [SLPF]
Sep 10 08:31:08 ip-172-31-3-148 kernel: mousedev: PS/2 mouse device common for all mice
Sep 10 08:31:08 ip-172-31-3-148 systemd: Started udev Wait for Complete Device Initialization.
Sep 10 08:31:08 ip-172-31-3-148 systemd: Starting Activation of DM RAID sets...
Sep 10 08:31:08 ip-172-31-3-148 kernel: device-mapper: uevent: version 1.0.3
Sep 10 08:31:08 ip-172-31-3-148 systemd: Started Monitoring of LVM2 mirrors, snapshots etc. using dmeventd or progress polling.
Sep 10 08:31:08 ip-172-31-3-148 systemd: Reached target Local File Systems (Pre).
Sep 10 08:31:08 ip-172-31-3-148 kernel: device-mapper: ioctl: 4.43.0-ioctl (2020-10-01) initialised: dm-devel@redhat.com
Sep 10 08:31:08 ip-172-31-3-148 systemd: Started Activation of DM RAID sets.
Sep 10 08:31:08 ip-172-31-3-148 systemd: Reached target Local File Systems.
Sep 10 08:31:08 ip-172-31-3-148 systemd: Starting Tell Plymouth To Write Out Runtime Data...
Sep 10 08:31:08 ip-172-31-3-148 systemd: Starting Rebuild Journal Catalog...
Sep 10 08:31:08 ip-172-31-3-148 systemd: Starting Commit a transient machine-id on disk...
Sep 10 08:31:08 ip-172-31-3-148 systemd: Starting Mark the need to relabel after reboot...
Sep 10 08:31:08 ip-172-31-3-148 systemd: Starting Preprocess NFS configuration...
Sep 10 08:31:08 ip-172-31-3-148 systemd: Starting Create Volatile Files and Directories...
Sep 10 08:31:08 ip-172-31-3-148 systemd: Reached target Local Encrypted Volumes.
Sep 10 08:31:08 ip-172-31-3-148 systemd: Started Commit a transient machine-id on disk.
Sep 10 08:31:08 ip-172-31-3-148 systemd: Started Mark the need to relabel after reboot.
Sep 10 08:31:08 ip-172-31-3-148 systemd: Started Preprocess NFS configuration.
Sep 10 08:31:08 ip-172-31-3-148 systemd: Started Rebuild Journal Catalog.
Sep 10 08:31:08 ip-172-31-3-148 systemd: Starting Update is Completed...
Sep 10 08:31:08 ip-172-31-3-148 systemd: Started Create Volatile Files and Directories.
Sep 10 08:31:08 ip-172-31-3-148 systemd: Mounting RPC Pipe File System...
Sep 10 08:31:08 ip-172-31-3-148 systemd: Starting Security Auditing Service...
Sep 10 08:31:08 ip-172-31-3-148 systemd: Started Update is Completed.
Sep 10 08:31:08 ip-172-31-3-148 systemd: Mounted RPC Pipe File System.
Sep 10 08:31:08 ip-172-31-3-148 kernel: RPC: Registered named UNIX socket transport module.
Sep 10 08:31:08 ip-172-31-3-148 kernel: RPC: Registered udp transport module.
Sep 10 08:31:08 ip-172-31-3-148 kernel: RPC: Registered tcp transport module.
Sep 10 08:31:08 ip-172-31-3-148 kernel: RPC: Registered tcp NFSv4.1 backchannel transport module.
Sep 10 08:31:08 ip-172-31-3-148 auditd[2550]: Started dispatcher: /sbin/audispd pid: 2552
Sep 10 08:31:08 ip-172-31-3-148 auditd[2550]: Init complete, auditd 2.8.1 listening for events (startup state enable)
Sep 10 08:31:08 ip-172-31-3-148 systemd: Reached target rpc_pipefs.target.
Sep 10 08:31:08 ip-172-31-3-148 audispd: No plugins found, exiting
Sep 10 08:31:08 ip-172-31-3-148 systemd: Started Tell Plymouth To Write Out Runtime Data.
Sep 10 08:31:08 ip-172-31-3-148 augenrules: No rules
Sep 10 08:31:08 ip-172-31-3-148 augenrules: enabled 1
Sep 10 08:31:08 ip-172-31-3-148 augenrules: failure 1
Sep 10 08:31:08 ip-172-31-3-148 augenrules: pid 2550
Sep 10 08:31:08 ip-172-31-3-148 augenrules: rate_limit 0
Sep 10 08:31:08 ip-172-31-3-148 augenrules: backlog_limit 8192
Sep 10 08:31:08 ip-172-31-3-148 augenrules: lost 0
Sep 10 08:31:08 ip-172-31-3-148 augenrules: backlog 1
Sep 10 08:31:08 ip-172-31-3-148 augenrules: backlog_wait_time 15000
Sep 10 08:31:08 ip-172-31-3-148 augenrules: enabled 1
Sep 10 08:31:08 ip-172-31-3-148 augenrules: failure 1
Sep 10 08:31:08 ip-172-31-3-148 augenrules: pid 2550
Sep 10 08:31:08 ip-172-31-3-148 augenrules: rate_limit 0
Sep 10 08:31:08 ip-172-31-3-148 augenrules: backlog_limit 8192
Sep 10 08:31:08 ip-172-31-3-148 augenrules: lost 0
Sep 10 08:31:08 ip-172-31-3-148 augenrules: backlog 1
Sep 10 08:31:08 ip-172-31-3-148 augenrules: backlog_wait_time 15000
Sep 10 08:31:08 ip-172-31-3-148 systemd: Started Security Auditing Service.
Sep 10 08:31:08 ip-172-31-3-148 systemd: Starting Update UTMP about System Boot/Shutdown...
Sep 10 08:31:08 ip-172-31-3-148 systemd: Started Update UTMP about System Boot/Shutdown.
Sep 10 08:31:08 ip-172-31-3-148 systemd: Reached target System Initialization.
Sep 10 08:31:08 ip-172-31-3-148 systemd: Listening on D-Bus System Message Bus Socket.
Sep 10 08:31:08 ip-172-31-3-148 systemd: Started Flexible branding.
Sep 10 08:31:08 ip-172-31-3-148 systemd: Reached target Paths.
Sep 10 08:31:08 ip-172-31-3-148 systemd: Started Daily Cleanup of Temporary Directories.
Sep 10 08:31:08 ip-172-31-3-148 systemd: Reached target Timers.
Sep 10 08:31:08 ip-172-31-3-148 systemd: Listening on RPCbind Server Activation Socket.
Sep 10 08:31:08 ip-172-31-3-148 systemd: Starting RPC bind service...
Sep 10 08:31:08 ip-172-31-3-148 systemd: Reached target Sockets.
Sep 10 08:31:08 ip-172-31-3-148 systemd: Reached target Basic System.
Sep 10 08:31:08 ip-172-31-3-148 systemd: Starting Resets System Activity Logs...
Sep 10 08:31:08 ip-172-31-3-148 systemd: Starting ACPI Event Daemon...
Sep 10 08:31:08 ip-172-31-3-148 systemd: Started D-Bus System Message Bus.
Sep 10 08:31:09 ip-172-31-3-148 acpid: starting up with netlink and the input layer
Sep 10 08:31:09 ip-172-31-3-148 acpid: skipping incomplete file /etc/acpi/events/videoconf
Sep 10 08:31:09 ip-172-31-3-148 acpid: 2 rules loaded
Sep 10 08:31:09 ip-172-31-3-148 acpid: waiting for events: event logging is off
Sep 10 08:31:09 ip-172-31-3-148 systemd: Starting Login Service...
Sep 10 08:31:09 ip-172-31-3-148 systemd: Starting Hardware RNG Entropy Gatherer Wake threshold service...
Sep 10 08:31:09 ip-172-31-3-148 systemd: Starting NTP client/server...
Sep 10 08:31:09 ip-172-31-3-148 systemd: Started irqbalance daemon.
Sep 10 08:31:09 ip-172-31-3-148 systemd: Starting Dump dmesg to /var/log/dmesg...
Sep 10 08:31:09 ip-172-31-3-148 kernel: xfs filesystem being remounted at /tmp supports timestamps until 2038 (0x7fffffff)
Sep 10 08:31:09 ip-172-31-3-148 kernel: xfs filesystem being remounted at /var/tmp supports timestamps until 2038 (0x7fffffff)
Sep 10 08:31:09 ip-172-31-3-148 /usr/sbin/irqbalance: Balancing is ineffective on systems with a single cpu.  Shutting down
Sep 10 08:31:09 ip-172-31-3-148 chronyd[2598]: chronyd version 4.0 starting (+CMDMON +NTP +REFCLOCK +RTC +PRIVDROP +SCFILTER +SIGND +ASYNCDNS -NTS +SECHASH +IPV6 +DEBUG)
Sep 10 08:31:09 ip-172-31-3-148 systemd: Starting Initial cloud-init job (pre-networking)...
Sep 10 08:31:09 ip-172-31-3-148 systemd: Starting GSSAPI Proxy Daemon...
Sep 10 08:31:09 ip-172-31-3-148 systemd: Started libstoragemgmt plug-in server daemon.
Sep 10 08:31:09 ip-172-31-3-148 systemd: Started RPC bind service.
Sep 10 08:31:09 ip-172-31-3-148 systemd: Started Resets System Activity Logs.
Sep 10 08:31:09 ip-172-31-3-148 systemd: Started ACPI Event Daemon.
Sep 10 08:31:09 ip-172-31-3-148 systemd: Started Hardware RNG Entropy Gatherer Wake threshold service.
Sep 10 08:31:09 ip-172-31-3-148 systemd: Started NTP client/server.
Sep 10 08:31:09 ip-172-31-3-148 systemd: Started Dump dmesg to /var/log/dmesg.
Sep 10 08:31:09 ip-172-31-3-148 systemd: Started Login Service.
Sep 10 08:31:09 ip-172-31-3-148 systemd-logind: New seat seat0.
Sep 10 08:31:09 ip-172-31-3-148 systemd: Started Hardware RNG Entropy Gatherer Daemon.
Sep 10 08:31:09 ip-172-31-3-148 systemd: Started GSSAPI Proxy Daemon.
Sep 10 08:31:09 ip-172-31-3-148 systemd: Reached target NFS client services.
Sep 10 08:31:09 ip-172-31-3-148 systemd: Reached target Remote File Systems (Pre).
Sep 10 08:31:09 ip-172-31-3-148 systemd: Reached target Remote File Systems.
Sep 10 08:31:09 ip-172-31-3-148 rngd: Disabling 5: JITTER Entropy generator (jitter)
Sep 10 08:31:09 ip-172-31-3-148 rngd: Initializing available sources
Sep 10 08:31:09 ip-172-31-3-148 rngd: Failed to init entropy source hwrng
Sep 10 08:31:09 ip-172-31-3-148 rngd: Enabling RDRAND rng support
Sep 10 08:31:09 ip-172-31-3-148 rngd: Initializing entropy source rdrand
Sep 10 08:31:09 ip-172-31-3-148 cloud-init: Cloud-init v. 19.3-45.amzn2 running 'init-local' at Sat, 10 Sep 2022 08:31:09 +0000. Up 6.36 seconds.
Sep 10 08:31:10 ip-172-31-3-148 systemd: Started Initial cloud-init job (pre-networking).
Sep 10 08:31:10 ip-172-31-3-148 systemd: Reached target Network (Pre).
Sep 10 08:31:10 ip-172-31-3-148 systemd: Starting LSB: Bring up/down networking...
Sep 10 08:31:10 ip-172-31-3-148 network: Bringing up loopback interface:  /etc/sysconfig/network-scripts/ifup-post: line 54: /etc/resolv.conf: No such file or directory
Sep 10 08:31:10 ip-172-31-3-148 network: /etc/sysconfig/network-scripts/ifup-post: line 119: /etc/resolv.conf: No such file or directory
Sep 10 08:31:10 ip-172-31-3-148 network: cp: cannot stat '/etc/resolv.conf': No such file or directory
Sep 10 08:31:10 ip-172-31-3-148 NET[2747]: /etc/sysconfig/network-scripts/ifup-post : updated /etc/resolv.conf
Sep 10 08:31:10 ip-172-31-3-148 network: [  OK  ]
Sep 10 08:31:10 ip-172-31-3-148 network: Bringing up interface eth0:
Sep 10 08:31:10 ip-172-31-3-148 dhclient[2766]: DHCPDISCOVER on eth0 to 255.255.255.255 port 67 interval 7 (xid=0x252f8b57)
Sep 10 08:31:10 ip-172-31-3-148 dhclient[2766]: DHCPREQUEST on eth0 to 255.255.255.255 port 67 (xid=0x252f8b57)
Sep 10 08:31:10 ip-172-31-3-148 dhclient[2766]: DHCPOFFER from 172.31.0.1
Sep 10 08:31:10 ip-172-31-3-148 dhclient[2766]: DHCPACK from 172.31.0.1 (xid=0x252f8b57)
Sep 10 08:31:10 ip-172-31-3-148 NET: dhclient: Locked /run/dhclient/resolv.lock
Sep 10 08:31:10 ip-172-31-3-148 NET[2820]: /usr/sbin/dhclient-script : updated /etc/resolv.conf
Sep 10 08:31:10 ip-172-31-3-148 dhclient[2766]: bound to 172.31.3.148 -- renewal in 1472 seconds.
Sep 10 08:31:10 ip-172-31-3-148 network: Determining IP information for eth0... done.
Sep 10 08:31:10 ip-172-31-3-148 ec2net: [get_meta] Querying IMDS for meta-data/network/interfaces/macs/0a:0a:b9:14:fa:a8/local-ipv4s
Sep 10 08:31:10 ip-172-31-3-148 ec2net: [get_meta] Getting token for IMDSv2.
Sep 10 08:31:10 ip-172-31-3-148 ec2net: [get_meta] Trying to get http://169.254.169.254/latest/meta-data/network/interfaces/macs/0a:0a:b9:14:fa:a8/local-ipv4s
Sep 10 08:31:10 ip-172-31-3-148 ec2net: [remove_aliases] Removing aliases of eth0
Sep 10 08:31:10 ip-172-31-3-148 network: Determining IPv6 information for eth0... done.
Sep 10 08:31:10 ip-172-31-3-148 network: [  OK  ]
Sep 10 08:31:10 ip-172-31-3-148 systemd: Started LSB: Bring up/down networking.
Sep 10 08:31:10 ip-172-31-3-148 systemd: Starting Initial cloud-init job (metadata service crawler)...
Sep 10 08:31:10 ip-172-31-3-148 systemd: Reached target Network.
Sep 10 08:31:10 ip-172-31-3-148 systemd: Starting Postfix Mail Transport Agent...
Sep 10 08:31:11 ip-172-31-3-148 cloud-init: Cloud-init v. 19.3-45.amzn2 running 'init' at Sat, 10 Sep 2022 08:31:11 +0000. Up 7.47 seconds.
Sep 10 08:31:11 ip-172-31-3-148 cloud-init: ci-info: ++++++++++++++++++++++++++++++++++++++Net device info+++++++++++++++++++++++++++++++++++++++
Sep 10 08:31:11 ip-172-31-3-148 cloud-init: ci-info: +--------+------+-----------------------------+---------------+--------+-------------------+
Sep 10 08:31:11 ip-172-31-3-148 cloud-init: ci-info: | Device |  Up  |           Address           |      Mask     | Scope  |     Hw-Address    |
Sep 10 08:31:11 ip-172-31-3-148 cloud-init: ci-info: +--------+------+-----------------------------+---------------+--------+-------------------+
Sep 10 08:31:11 ip-172-31-3-148 cloud-init: ci-info: |  eth0  | True |         172.31.3.148        | 255.255.240.0 | global | 0a:0a:b9:14:fa:a8 |
Sep 10 08:31:11 ip-172-31-3-148 cloud-init: ci-info: |  eth0  | True | fe80::80a:b9ff:fe14:faa8/64 |       .       |  link  | 0a:0a:b9:14:fa:a8 |
Sep 10 08:31:11 ip-172-31-3-148 cloud-init: ci-info: |   lo   | True |          127.0.0.1          |   255.0.0.0   |  host  |         .         |
Sep 10 08:31:11 ip-172-31-3-148 cloud-init: ci-info: |   lo   | True |           ::1/128           |       .       |  host  |         .         |
Sep 10 08:31:11 ip-172-31-3-148 cloud-init: ci-info: +--------+------+-----------------------------+---------------+--------+-------------------+
Sep 10 08:31:11 ip-172-31-3-148 cloud-init: ci-info: +++++++++++++++++++++++++++++++Route IPv4 info++++++++++++++++++++++++++++++++
Sep 10 08:31:11 ip-172-31-3-148 cloud-init: ci-info: +-------+-----------------+------------+-----------------+-----------+-------+
Sep 10 08:31:11 ip-172-31-3-148 cloud-init: ci-info: | Route |   Destination   |  Gateway   |     Genmask     | Interface | Flags |
Sep 10 08:31:11 ip-172-31-3-148 cloud-init: ci-info: +-------+-----------------+------------+-----------------+-----------+-------+
Sep 10 08:31:11 ip-172-31-3-148 cloud-init: ci-info: |   0   |     0.0.0.0     | 172.31.0.1 |     0.0.0.0     |    eth0   |   UG  |
Sep 10 08:31:11 ip-172-31-3-148 cloud-init: ci-info: |   1   | 169.254.169.254 |  0.0.0.0   | 255.255.255.255 |    eth0   |   UH  |
Sep 10 08:31:11 ip-172-31-3-148 cloud-init: ci-info: |   2   |    172.31.0.0   |  0.0.0.0   |  255.255.240.0  |    eth0   |   U   |
Sep 10 08:31:11 ip-172-31-3-148 cloud-init: ci-info: +-------+-----------------+------------+-----------------+-----------+-------+
Sep 10 08:31:11 ip-172-31-3-148 cloud-init: ci-info: +++++++++++++++++++Route IPv6 info+++++++++++++++++++
Sep 10 08:31:11 ip-172-31-3-148 cloud-init: ci-info: +-------+-------------+---------+-----------+-------+
Sep 10 08:31:11 ip-172-31-3-148 cloud-init: ci-info: | Route | Destination | Gateway | Interface | Flags |
Sep 10 08:31:11 ip-172-31-3-148 cloud-init: ci-info: +-------+-------------+---------+-----------+-------+
Sep 10 08:31:11 ip-172-31-3-148 cloud-init: ci-info: |   9   |  fe80::/64  |    ::   |    eth0   |   U   |
Sep 10 08:31:11 ip-172-31-3-148 cloud-init: ci-info: |   11  |    local    |    ::   |    eth0   |   U   |
Sep 10 08:31:11 ip-172-31-3-148 cloud-init: ci-info: |   12  |  multicast  |    ::   |    eth0   |   U   |
Sep 10 08:31:11 ip-172-31-3-148 cloud-init: ci-info: +-------+-------------+---------+-----------+-------+
Sep 10 08:31:11 ip-172-31-3-148 dhclient[2888]: XMT: Solicit on eth0, interval 1090ms.
Sep 10 08:31:11 ip-172-31-3-148 systemd: Started Postfix Mail Transport Agent.
Sep 10 08:31:11 ip-172-31-3-148 dbus[2580]: [system] Activating via systemd: service name='org.freedesktop.hostname1' unit='dbus-org.freedesktop.hostname1.service'
Sep 10 08:31:11 ip-172-31-3-148 systemd: Starting Hostname Service...
Sep 10 08:31:11 ip-172-31-3-148 kernel: xfs filesystem being remounted at /tmp supports timestamps until 2038 (0x7fffffff)
Sep 10 08:31:11 ip-172-31-3-148 kernel: xfs filesystem being remounted at /var/tmp supports timestamps until 2038 (0x7fffffff)
Sep 10 08:31:11 ip-172-31-3-148 dbus[2580]: [system] Successfully activated service 'org.freedesktop.hostname1'
Sep 10 08:31:11 ip-172-31-3-148 systemd: Started Hostname Service.
Sep 10 08:31:11 ip-172-31-3-148 systemd-hostnamed: Changed static host name to 'ip-172-31-3-148.ap-south-1.compute.internal'
Sep 10 08:31:11 ip-172-31-3-148 systemd-hostnamed: Changed host name to 'ip-172-31-3-148.ap-south-1.compute.internal'
Sep 10 08:31:12 ip-172-31-3-148 systemd: Started Initial cloud-init job (metadata service crawler).
Sep 10 08:31:12 ip-172-31-3-148 systemd: Reached target Cloud-config availability.
Sep 10 08:31:12 ip-172-31-3-148 systemd: Starting Permit User Sessions...
Sep 10 08:31:12 ip-172-31-3-148 systemd: Reached target Network is Online.
Sep 10 08:31:12 ip-172-31-3-148 systemd: Starting Apply the settings specified in cloud-config...
Sep 10 08:31:12 ip-172-31-3-148 systemd: Starting System Logging Service...
Sep 10 08:31:12 ip-172-31-3-148 systemd: Starting Notify NFS peers of a restart...
Sep 10 08:31:12 ip-172-31-3-148 systemd: Started amazon-ssm-agent.
Sep 10 08:31:12 ip-172-31-3-148 systemd: Starting Dynamically Generate Message Of The Day...
Sep 10 08:31:12 ip-172-31-3-148 systemd: Starting Finds and configures elastic network interfaces...
Sep 10 08:31:12 ip-172-31-3-148 sm-notify[3088]: Version 1.3.0 starting
Sep 10 08:31:12 ip-172-31-3-148 systemd: Starting OpenSSH Server Key Generation...
Sep 10 08:31:12 ip-172-31-3-148 systemd: Started Permit User Sessions.
Sep 10 08:31:12 ip-172-31-3-148 ec2net: [ec2ifscan] Scanning for unconfigured interfaces
Sep 10 08:31:12 ip-172-31-3-148 systemd: Started Notify NFS peers of a restart.
Sep 10 08:31:12 ip-172-31-3-148 rsyslogd: [origin software="rsyslogd" swVersion="8.24.0-57.amzn2.2.0.1" x-pid="3087" x-info="http://www.rsyslog.com"] start
Sep 10 08:31:12 ip-172-31-3-148 systemd: Started System Logging Service.
Sep 10 08:31:12 ip-172-31-3-148 systemd: Started Command Scheduler.
Sep 10 08:31:12 ip-172-31-3-148 systemd: Started Job spooling tools.
Sep 10 08:31:12 ip-172-31-3-148 systemd: Starting Wait for Plymouth Boot Screen to Quit...
Sep 10 08:31:12 ip-172-31-3-148 systemd: Starting Terminate Plymouth Boot Screen...
Sep 10 08:31:12 ip-172-31-3-148 systemd: Started Finds and configures elastic network interfaces.
Sep 10 08:31:12 ip-172-31-3-148 dhclient[2888]: XMT: Solicit on eth0, interval 2130ms.
Sep 10 08:31:12 ip-172-31-3-148 amazon-ssm-agent: Error occurred fetching the seelog config file path:  open /etc/amazon/ssm/seelog.xml: no such file or directory
Sep 10 08:31:12 ip-172-31-3-148 amazon-ssm-agent: Initializing new seelog logger
Sep 10 08:31:12 ip-172-31-3-148 amazon-ssm-agent: New Seelog Logger Creation Complete
Sep 10 08:31:12 ip-172-31-3-148 amazon-ssm-agent: 2022-09-10 08:31:12 INFO Proxy environment variables:
Sep 10 08:31:12 ip-172-31-3-148 amazon-ssm-agent: 2022-09-10 08:31:12 INFO https_proxy:
Sep 10 08:31:12 ip-172-31-3-148 amazon-ssm-agent: 2022-09-10 08:31:12 INFO http_proxy:
Sep 10 08:31:12 ip-172-31-3-148 amazon-ssm-agent: 2022-09-10 08:31:12 INFO no_proxy:
Sep 10 08:31:12 ip-172-31-3-148 systemd: Received SIGRTMIN+21 from PID 2418 (plymouthd).
Sep 10 08:31:12 ip-172-31-3-148 sshd-keygen: Generating SSH2 RSA host key: [  OK  ]
Sep 10 08:31:12 ip-172-31-3-148 systemd: Started Terminate Plymouth Boot Screen.
Sep 10 08:31:12 ip-172-31-3-148 systemd: Started Wait for Plymouth Boot Screen to Quit.
Sep 10 08:31:12 ip-172-31-3-148 systemd: Started Serial Getty on ttyS0.
Sep 10 08:31:12 ip-172-31-3-148 systemd: Started Getty on tty1.
Sep 10 08:31:12 ip-172-31-3-148 systemd: Reached target Login Prompts.
Sep 10 08:31:12 ip-172-31-3-148 amazon-ssm-agent: 2022-09-10 08:31:12 INFO Agent will take identity from EC2
Sep 10 08:31:12 ip-172-31-3-148 sshd-keygen: Generating SSH2 ECDSA host key: [  OK  ]
Sep 10 08:31:12 ip-172-31-3-148 sshd-keygen: Generating SSH2 ED25519 host key: [  OK  ]
Sep 10 08:31:12 ip-172-31-3-148 systemd: Started OpenSSH Server Key Generation.
Sep 10 08:31:12 ip-172-31-3-148 systemd: Starting OpenSSH server daemon...
Sep 10 08:31:12 ip-172-31-3-148 amazon-ssm-agent: 2022-09-10 08:31:12 INFO [amazon-ssm-agent] using named pipe channel for IPC
Sep 10 08:31:12 ip-172-31-3-148 systemd: Started OpenSSH server daemon.
Sep 10 08:31:12 ip-172-31-3-148 amazon-ssm-agent: 2022-09-10 08:31:12 INFO [amazon-ssm-agent] using named pipe channel for IPC
Sep 10 08:31:13 ip-172-31-3-148 amazon-ssm-agent: 2022-09-10 08:31:12 INFO [amazon-ssm-agent] using named pipe channel for IPC
Sep 10 08:31:13 ip-172-31-3-148 amazon-ssm-agent: 2022-09-10 08:31:12 INFO [amazon-ssm-agent] amazon-ssm-agent - v3.1.1575.0
Sep 10 08:31:13 ip-172-31-3-148 cloud-init: Cloud-init v. 19.3-45.amzn2 running 'modules:config' at Sat, 10 Sep 2022 08:31:13 +0000. Up 9.58 seconds.
Sep 10 08:31:13 ip-172-31-3-148 amazon-ssm-agent: 2022-09-10 08:31:12 INFO [amazon-ssm-agent] OS: linux, Arch: amd64
Sep 10 08:31:13 ip-172-31-3-148 systemd: Stopping OpenSSH server daemon...
Sep 10 08:31:13 ip-172-31-3-148 systemd: Stopped OpenSSH server daemon.
Sep 10 08:31:13 ip-172-31-3-148 systemd: Stopped OpenSSH Server Key Generation.
Sep 10 08:31:13 ip-172-31-3-148 systemd: Stopping OpenSSH Server Key Generation...
Sep 10 08:31:13 ip-172-31-3-148 systemd: Starting OpenSSH server daemon...
Sep 10 08:31:13 ip-172-31-3-148 amazon-ssm-agent: 2022-09-10 08:31:12 INFO [CredentialRefresher] Identity does not require credential refresher
Sep 10 08:31:13 ip-172-31-3-148 systemd: Started OpenSSH server daemon.
Sep 10 08:31:13 ip-172-31-3-148 amazon-ssm-agent: 2022-09-10 08:31:13 INFO [amazon-ssm-agent] [LongRunningWorkerContainer] [WorkerProvider] Worker ssm-agent-worker is not running, starting worker process
Sep 10 08:31:13 ip-172-31-3-148 amazon-ssm-agent: 2022-09-10 08:31:13 INFO [amazon-ssm-agent] [LongRunningWorkerContainer] [WorkerProvider] Worker ssm-agent-worker (pid:3181) started
Sep 10 08:31:13 ip-172-31-3-148 amazon-ssm-agent: 2022-09-10 08:31:13 INFO [amazon-ssm-agent] [LongRunningWorkerContainer] Monitor long running worker health every 60 seconds
Sep 10 08:31:14 ip-172-31-3-148 cloud-init: Loaded plugins: extras_suggestions, langpacks, priorities, update-motd
Sep 10 08:31:14 ip-172-31-3-148 cloud-init: Existing lock /var/run/yum.pid: another copy is running as pid 3160.
Sep 10 08:31:14 ip-172-31-3-148 cloud-init: Another app is currently holding the yum lock; waiting for it to exit...
Sep 10 08:31:14 ip-172-31-3-148 cloud-init: The other application is: yum
Sep 10 08:31:14 ip-172-31-3-148 cloud-init: Memory :  33 M RSS (324 MB VSZ)
Sep 10 08:31:14 ip-172-31-3-148 cloud-init: Started: Sat Sep 10 08:31:12 2022 - 00:02 ago
Sep 10 08:31:14 ip-172-31-3-148 cloud-init: State  : Running, pid: 3160
Sep 10 08:31:14 ip-172-31-3-148 dhclient[2888]: XMT: Solicit on eth0, interval 4410ms.
Sep 10 08:31:15 ip-172-31-3-148 chronyd[2598]: Selected source 169.254.169.123
Sep 10 08:31:16 ip-172-31-3-148 cloud-init: Another app is currently holding the yum lock; waiting for it to exit...
Sep 10 08:31:16 ip-172-31-3-148 cloud-init: The other application is: yum
Sep 10 08:31:16 ip-172-31-3-148 cloud-init: Memory :  87 M RSS (380 MB VSZ)
Sep 10 08:31:16 ip-172-31-3-148 cloud-init: Started: Sat Sep 10 08:31:12 2022 - 00:04 ago
Sep 10 08:31:16 ip-172-31-3-148 cloud-init: State  : Running, pid: 3160
Sep 10 08:31:18 ip-172-31-3-148 cloud-init: Another app is currently holding the yum lock; waiting for it to exit...
Sep 10 08:31:18 ip-172-31-3-148 cloud-init: The other application is: yum
Sep 10 08:31:18 ip-172-31-3-148 cloud-init: Memory :  87 M RSS (380 MB VSZ)
Sep 10 08:31:18 ip-172-31-3-148 cloud-init: Started: Sat Sep 10 08:31:12 2022 - 00:06 ago
Sep 10 08:31:18 ip-172-31-3-148 cloud-init: State  : Running, pid: 3160
Sep 10 08:31:18 ip-172-31-3-148 dhclient[2888]: XMT: Solicit on eth0, interval 8770ms.
Sep 10 08:31:20 ip-172-31-3-148 cloud-init: Another app is currently holding the yum lock; waiting for it to exit...
Sep 10 08:31:20 ip-172-31-3-148 cloud-init: The other application is: yum
Sep 10 08:31:20 ip-172-31-3-148 cloud-init: Memory : 184 M RSS (476 MB VSZ)
Sep 10 08:31:20 ip-172-31-3-148 cloud-init: Started: Sat Sep 10 08:31:12 2022 - 00:08 ago
Sep 10 08:31:20 ip-172-31-3-148 cloud-init: State  : Running, pid: 3160
Sep 10 08:31:22 ip-172-31-3-148 cloud-init: Another app is currently holding the yum lock; waiting for it to exit...
Sep 10 08:31:22 ip-172-31-3-148 cloud-init: The other application is: yum
Sep 10 08:31:22 ip-172-31-3-148 cloud-init: Memory : 168 M RSS (460 MB VSZ)
Sep 10 08:31:22 ip-172-31-3-148 cloud-init: Started: Sat Sep 10 08:31:12 2022 - 00:10 ago
Sep 10 08:31:22 ip-172-31-3-148 cloud-init: State  : Running, pid: 3160
Sep 10 08:31:23 ip-172-31-3-148 systemd: Started Dynamically Generate Message Of The Day.
Sep 10 08:31:23 ip-172-31-3-148 systemd: Reached target Multi-User System.
Sep 10 08:31:23 ip-172-31-3-148 systemd: Reached target Graphical Interface.
Sep 10 08:31:23 ip-172-31-3-148 systemd: Starting Update UTMP about System Runlevel Changes...
Sep 10 08:31:23 ip-172-31-3-148 systemd: Started Update UTMP about System Runlevel Changes.
Sep 10 08:31:25 ip-172-31-3-148 cloud-init: --> gnupg2-2.0.22-5.amzn2.0.4.x86_64 from installed removed (updateinfo)
Sep 10 08:31:25 ip-172-31-3-148 cloud-init: --> 12:dhcp-libs-4.2.5-77.amzn2.1.6.x86_64 from installed removed (updateinfo)
Sep 10 08:31:25 ip-172-31-3-148 cloud-init: --> 12:dhclient-4.2.5-77.amzn2.1.6.x86_64 from installed removed (updateinfo)
Sep 10 08:31:25 ip-172-31-3-148 cloud-init: --> 12:dhcp-libs-4.2.5-79.amzn2.1.1.x86_64 from amzn2-core removed (updateinfo)
Sep 10 08:31:25 ip-172-31-3-148 cloud-init: --> kernel-tools-5.10.130-118.517.amzn2.x86_64 from installed removed (updateinfo)
Sep 10 08:31:25 ip-172-31-3-148 cloud-init: --> 12:dhclient-4.2.5-79.amzn2.1.1.x86_64 from amzn2-core removed (updateinfo)
Sep 10 08:31:25 ip-172-31-3-148 cloud-init: --> gnupg2-2.0.22-5.amzn2.0.5.x86_64 from amzn2-core removed (updateinfo)
Sep 10 08:31:25 ip-172-31-3-148 cloud-init: --> chrony-4.2-5.amzn2.0.2.x86_64 from amzn2-core removed (updateinfo)
Sep 10 08:31:25 ip-172-31-3-148 cloud-init: --> 12:dhcp-common-4.2.5-79.amzn2.1.1.x86_64 from amzn2-core removed (updateinfo)
Sep 10 08:31:25 ip-172-31-3-148 cloud-init: --> tzdata-2022a-1.amzn2.noarch from installed removed (updateinfo)
Sep 10 08:31:25 ip-172-31-3-148 cloud-init: --> chrony-4.0-3.amzn2.0.2.x86_64 from installed removed (updateinfo)
Sep 10 08:31:25 ip-172-31-3-148 cloud-init: --> 12:dhcp-common-4.2.5-77.amzn2.1.6.x86_64 from installed removed (updateinfo)
Sep 10 08:31:25 ip-172-31-3-148 cloud-init: --> kernel-tools-5.10.135-122.509.amzn2.x86_64 from amzn2extra-kernel-5.10 removed (updateinfo)
Sep 10 08:31:25 ip-172-31-3-148 cloud-init: --> tzdata-2022c-1.amzn2.noarch from amzn2-core removed (updateinfo)
Sep 10 08:31:25 ip-172-31-3-148 cloud-init: No packages needed for security; 7 packages available
Sep 10 08:31:25 ip-172-31-3-148 cloud-init: Resolving Dependencies
Sep 10 08:31:25 ip-172-31-3-148 systemd: Started Apply the settings specified in cloud-config.
Sep 10 08:31:25 ip-172-31-3-148 systemd: Starting Execute cloud user/final scripts...
Sep 10 08:31:25 ip-172-31-3-148 systemd: Starting Initial hibernation setup job...
Sep 10 08:31:25 ip-172-31-3-148 hibinit-agent: Effective config: {'grub_update': True, 'swap_percentage': 100, 'log_to_syslog': True, 'touch_swap': False, 'state_dir': '/var/lib/hibinit-agent', 'swapoff': 'swapoff {swapfile}', 'mkswap': 'mkswap {swapfile}', 'swapon': 'swapon {swapfile}', 'swap_mb': 4000}
Sep 10 08:31:25 ip-172-31-3-148 hibinit-agent: Requesting new IMDSv2 token.
Sep 10 08:31:25 ip-172-31-3-148 hibinit-agent: Instance Launch has not enabled Hibernation Configured Flag. hibinit-agent exiting!!
Sep 10 08:31:25 ip-172-31-3-148 systemd: Stopping ACPI Event Daemon...
Sep 10 08:31:25 ip-172-31-3-148 acpid: exiting
Sep 10 08:31:25 ip-172-31-3-148 systemd: Stopped ACPI Event Daemon.
Sep 10 08:31:25 ip-172-31-3-148 systemd: Starting ACPI Event Daemon...
Sep 10 08:31:25 ip-172-31-3-148 systemd: Started ACPI Event Daemon.
Sep 10 08:31:25 ip-172-31-3-148 systemd: Started Initial hibernation setup job.
Sep 10 08:31:25 ip-172-31-3-148 acpid: starting up with netlink and the input layer
Sep 10 08:31:25 ip-172-31-3-148 acpid: skipping incomplete file /etc/acpi/events/videoconf
Sep 10 08:31:25 ip-172-31-3-148 acpid: 2 rules loaded
Sep 10 08:31:25 ip-172-31-3-148 acpid: waiting for events: event logging is off
Sep 10 08:31:26 ip-172-31-3-148 cloud-init: Cloud-init v. 19.3-45.amzn2 running 'modules:final' at Sat, 10 Sep 2022 08:31:26 +0000. Up 22.54 seconds.
Sep 10 08:31:26 ip-172-31-3-148 ec2: 
Sep 10 08:31:26 ip-172-31-3-148 ec2: #############################################################
Sep 10 08:31:26 ip-172-31-3-148 ec2: -----BEGIN SSH HOST KEY FINGERPRINTS-----
Sep 10 08:31:26 ip-172-31-3-148 ec2: 256 SHA256:O5Xo1X+KyKPz0BplFdAi1zjznadzcyJQsGhZhZ0DS4Y no comment (ECDSA)
Sep 10 08:31:26 ip-172-31-3-148 ec2: 256 SHA256:XlEmL0dXHN3ew1jyopb/5WGNAJRWO/fZf7AFapaG6Z8 no comment (ED25519)
Sep 10 08:31:26 ip-172-31-3-148 ec2: 2048 SHA256:EpLvkg8SHSueQUm0sRF4jjQ7o4VTFd4lPiH8RK1ULFA no comment (RSA)
Sep 10 08:31:26 ip-172-31-3-148 ec2: -----END SSH HOST KEY FINGERPRINTS-----
Sep 10 08:31:26 ip-172-31-3-148 ec2: #############################################################
Sep 10 08:31:26 ip-172-31-3-148 cloud-init: Cloud-init v. 19.3-45.amzn2 finished at Sat, 10 Sep 2022 08:31:26 +0000. Datasource DataSourceEc2.  Up 22.74 seconds
Sep 10 08:31:26 ip-172-31-3-148 systemd: Started Execute cloud user/final scripts.
Sep 10 08:31:26 ip-172-31-3-148 systemd: Reached target Cloud-init target.
Sep 10 08:31:26 ip-172-31-3-148 systemd: Startup finished in 2.305s (kernel) + 1.409s (initrd) + 19.073s (userspace) = 22.788s.
Sep 10 08:31:27 ip-172-31-3-148 dhclient[2888]: XMT: Solicit on eth0, interval 17610ms.
Sep 10 08:31:45 ip-172-31-3-148 dhclient[2888]: XMT: Solicit on eth0, interval 36700ms.
Sep 10 08:32:22 ip-172-31-3-148 dhclient[2888]: XMT: Solicit on eth0, interval 70760ms.
Sep 10 08:33:32 ip-172-31-3-148 dhclient[2888]: XMT: Solicit on eth0, interval 131920ms.
Sep 10 08:35:44 ip-172-31-3-148 dhclient[2888]: XMT: Solicit on eth0, interval 129950ms.
Sep 10 08:37:54 ip-172-31-3-148 dhclient[2888]: XMT: Solicit on eth0, interval 122800ms.
Sep 10 08:39:57 ip-172-31-3-148 dhclient[2888]: XMT: Solicit on eth0, interval 128410ms.
Sep 10 08:40:01 ip-172-31-3-148 systemd: Created slice User Slice of root.
Sep 10 08:40:01 ip-172-31-3-148 systemd: Started Session 1 of user root.
Sep 10 08:40:01 ip-172-31-3-148 systemd: Removed slice User Slice of root.
Sep 10 08:42:06 ip-172-31-3-148 dhclient[2888]: XMT: Solicit on eth0, interval 114130ms.
Sep 10 08:44:00 ip-172-31-3-148 dhclient[2888]: XMT: Solicit on eth0, interval 117610ms.
Sep 10 08:45:57 ip-172-31-3-148 dhclient[2888]: XMT: Solicit on eth0, interval 123400ms.
Sep 10 08:46:36 ip-172-31-3-148 systemd: Starting Cleanup of Temporary Directories...
Sep 10 08:46:36 ip-172-31-3-148 systemd: Started Cleanup of Temporary Directories.
Sep 10 08:48:01 ip-172-31-3-148 dhclient[2888]: XMT: Solicit on eth0, interval 128310ms.
Sep 10 08:50:01 ip-172-31-3-148 systemd: Created slice User Slice of root.
Sep 10 08:50:01 ip-172-31-3-148 systemd: Started Session 2 of user root.
Sep 10 08:50:01 ip-172-31-3-148 systemd: Removed slice User Slice of root.
Sep 10 08:50:09 ip-172-31-3-148 dhclient[2888]: XMT: Solicit on eth0, interval 122070ms.
Sep 10 08:52:11 ip-172-31-3-148 dhclient[2888]: XMT: Solicit on eth0, interval 122920ms.
Sep 10 08:54:14 ip-172-31-3-148 dhclient[2888]: XMT: Solicit on eth0, interval 129450ms.
Sep 10 08:55:42 ip-172-31-3-148 dhclient[2839]: DHCPREQUEST on eth0 to 172.31.0.1 port 67 (xid=0x252f8b57)
Sep 10 08:55:42 ip-172-31-3-148 dhclient[2839]: DHCPACK from 172.31.0.1 (xid=0x252f8b57)
Sep 10 08:55:42 ip-172-31-3-148 NET: dhclient: Locked /run/dhclient/resolv.lock
Sep 10 08:55:42 ip-172-31-3-148 dhclient[2839]: bound to 172.31.3.148 -- renewal in 1368 seconds.
Sep 10 08:55:42 ip-172-31-3-148 ec2net: [get_meta] Querying IMDS for meta-data/network/interfaces/macs/0a:0a:b9:14:fa:a8/local-ipv4s
Sep 10 08:55:42 ip-172-31-3-148 ec2net: [get_meta] Getting token for IMDSv2.
Sep 10 08:55:42 ip-172-31-3-148 ec2net: [get_meta] Trying to get http://169.254.169.254/latest/meta-data/network/interfaces/macs/0a:0a:b9:14:fa:a8/local-ipv4s
Sep 10 08:55:42 ip-172-31-3-148 ec2net: [remove_aliases] Removing aliases of eth0
Sep 10 08:56:24 ip-172-31-3-148 dhclient[2888]: XMT: Solicit on eth0, interval 109270ms.
Sep 10 08:58:13 ip-172-31-3-148 dhclient[2888]: XMT: Solicit on eth0, interval 108270ms.
Sep 10 09:00:01 ip-172-31-3-148 systemd: Created slice User Slice of root.
Sep 10 09:00:01 ip-172-31-3-148 systemd: Started Session 3 of user root.
Sep 10 09:00:01 ip-172-31-3-148 systemd: Removed slice User Slice of root.
Sep 10 09:00:02 ip-172-31-3-148 dhclient[2888]: XMT: Solicit on eth0, interval 124750ms.
Sep 10 09:01:01 ip-172-31-3-148 systemd: Created slice User Slice of root.
Sep 10 09:01:01 ip-172-31-3-148 systemd: Started Session 4 of user root.
Sep 10 09:02:06 ip-172-31-3-148 dhclient[2888]: XMT: Solicit on eth0, interval 121200ms.
Sep 10 09:04:08 ip-172-31-3-148 dhclient[2888]: XMT: Solicit on eth0, interval 115870ms.
Sep 10 09:06:04 ip-172-31-3-148 dhclient[2888]: XMT: Solicit on eth0, interval 110350ms.
Sep 10 09:07:54 ip-172-31-3-148 dhclient[2888]: XMT: Solicit on eth0, interval 130370ms.
Sep 10 09:10:01 ip-172-31-3-148 systemd: Started Session 5 of user root.
Sep 10 09:10:04 ip-172-31-3-148 dhclient[2888]: XMT: Solicit on eth0, interval 109330ms.
Sep 10 09:11:54 ip-172-31-3-148 dhclient[2888]: XMT: Solicit on eth0, interval 130720ms.
Sep 10 09:12:00 ip-172-31-3-148 systemd: Created slice User Slice of ec2-user.
Sep 10 09:12:00 ip-172-31-3-148 systemd: Started Session 6 of user ec2-user.
Sep 10 09:12:00 ip-172-31-3-148 systemd-logind: New session 6 of user ec2-user.
Sep 10 09:12:00 ip-172-31-3-148 systemd: Started Session 6 of user ec2-user.
Sep 10 09:12:00 ip-172-31-3-148 systemd-logind: New session 6 of user ec2-user.
Sep 10 09:12:01 ip-172-31-3-148 ansible-ping: Invoked with data=pong
Sep 10 09:12:01 ip-172-31-3-148 rsyslogd: imjournal: journal reloaded... [v8.24.0-57.amzn2.2.0.1 try http://www.rsyslog.com/e/0 ]
Sep 10 09:13:01 ip-172-31-3-148 systemd-logind: Removed session 6.
Sep 10 09:13:01 ip-172-31-3-148 systemd: Removed slice User Slice of ec2-user.
Sep 10 09:14:05 ip-172-31-3-148 dhclient[2888]: XMT: Solicit on eth0, interval 110040ms.
Sep 10 09:14:17 ip-172-31-3-148 systemd: Created slice User Slice of ec2-user.
Sep 10 09:14:17 ip-172-31-3-148 systemd-logind: New session 7 of user ec2-user.
Sep 10 09:14:17 ip-172-31-3-148 systemd: Started Session 7 of user ec2-user.
Sep 10 09:14:18 ip-172-31-3-148 ansible-setup: Invoked with filter=ansible_pkg_mgr gather_subset=['!all'] fact_path=/etc/ansible/facts.d gather_timeout=10
Sep 10 09:14:19 ip-172-31-3-148 ansible-yum: Invoked with lock_timeout=30 update_cache=False disable_excludes=None exclude=[] allow_downgrade=False disable_gpg_check=False conf_file=None use_backend=auto state=present disablerepo=[] releasever=None skip_broken=False autoremove=False download_dir=None enable_plugin=[] installroot=/ install_weak_deps=True name=['wget'] download_only=False bugfix=False list=None install_repoquery=True update_only=False disable_plugin=[] enablerepo=[] security=False validate_certs=True
Sep 10 09:14:50 ip-172-31-3-148 ansible-apt: Invoked with dpkg_options=force-confdef,force-confold autoremove=False force=False force_apt_get=False policy_rc_d=None package=['wget'] autoclean=False install_recommends=None name=wget purge=False allow_unauthenticated=False state=present upgrade=None update_cache=None default_release=None only_upgrade=False deb=None cache_valid_time=0
Sep 10 09:14:50 ip-172-31-3-148 ansible-apt: [WARNING] Updating cache and auto-installing missing dependency: python-apt
Sep 10 09:14:50 ip-172-31-3-148 ansible-apt: Error Executing CMD:apt-get update Exception:[Errno 2] No such file or directory
Sep 10 09:15:05 ip-172-31-3-148 ansible-apt: Invoked with dpkg_options=force-confdef,force-confold autoremove=False force=False force_apt_get=False policy_rc_d=None package=['wget'] autoclean=False install_recommends=None name=wget purge=False allow_unauthenticated=False state=present upgrade=None update_cache=None default_release=None only_upgrade=False deb=None cache_valid_time=0
Sep 10 09:15:05 ip-172-31-3-148 ansible-apt: [WARNING] Updating cache and auto-installing missing dependency: python-apt
Sep 10 09:15:05 ip-172-31-3-148 ansible-apt: Error Executing CMD:apt-get update Exception:[Errno 2] No such file or directory
Sep 10 09:15:49 ip-172-31-3-148 ansible-command: Invoked with creates=None executable=None _uses_shell=False strip_empty_ends=True _raw_params=which wget removes=None argv=None warn=True chdir=None stdin_add_newline=True stdin=None
Sep 10 09:15:55 ip-172-31-3-148 dhclient[2888]: XMT: Solicit on eth0, interval 124930ms.
Sep 10 09:16:49 ip-172-31-3-148 systemd-logind: Removed session 7.
Sep 10 09:16:49 ip-172-31-3-148 systemd: Removed slice User Slice of ec2-user.
Sep 10 09:18:00 ip-172-31-3-148 dhclient[2888]: XMT: Solicit on eth0, interval 111560ms.
Sep 10 09:18:30 ip-172-31-3-148 dhclient[2839]: DHCPREQUEST on eth0 to 172.31.0.1 port 67 (xid=0x252f8b57)
Sep 10 09:18:30 ip-172-31-3-148 dhclient[2839]: DHCPACK from 172.31.0.1 (xid=0x252f8b57)
Sep 10 09:18:30 ip-172-31-3-148 NET: dhclient: Locked /run/dhclient/resolv.lock
Sep 10 09:18:30 ip-172-31-3-148 dhclient[2839]: bound to 172.31.3.148 -- renewal in 1371 seconds.
Sep 10 09:18:30 ip-172-31-3-148 ec2net: [get_meta] Querying IMDS for meta-data/network/interfaces/macs/0a:0a:b9:14:fa:a8/local-ipv4s
Sep 10 09:18:30 ip-172-31-3-148 ec2net: [get_meta] Getting token for IMDSv2.
Sep 10 09:18:30 ip-172-31-3-148 ec2net: [get_meta] Trying to get http://169.254.169.254/latest/meta-data/network/interfaces/macs/0a:0a:b9:14:fa:a8/local-ipv4s
Sep 10 09:18:30 ip-172-31-3-148 ec2net: [remove_aliases] Removing aliases of eth0
Sep 10 09:19:05 ip-172-31-3-148 systemd: Created slice User Slice of ec2-user.
Sep 10 09:19:05 ip-172-31-3-148 systemd: Started Session 8 of user ec2-user.
Sep 10 09:19:05 ip-172-31-3-148 systemd-logind: New session 8 of user ec2-user.
Sep 10 09:19:06 ip-172-31-3-148 ansible-setup: Invoked with filter=* gather_subset=['all'] fact_path=/etc/ansible/facts.d gather_timeout=10
Sep 10 09:19:08 ip-172-31-3-148 ansible-yum: Invoked with lock_timeout=30 update_cache=False disable_excludes=None exclude=[] allow_downgrade=False disable_gpg_check=False conf_file=None use_backend=auto state=absent disablerepo=[] releasever=None skip_broken=False autoremove=False download_dir=None enable_plugin=[] installroot=/ install_weak_deps=True name=['wget'] download_only=False bugfix=False list=None install_repoquery=True update_only=False disable_plugin=[] enablerepo=[] security=False validate_certs=True
Sep 10 09:19:10 ip-172-31-3-148 yum[432]: Erased: wget-1.14-18.amzn2.1.x86_64
Sep 10 09:19:10 ip-172-31-3-148 systemd: Stopped Dynamically Generate Message Of The Day.
Sep 10 09:19:10 ip-172-31-3-148 systemd: Stopping Dynamically Generate Message Of The Day...
Sep 10 09:19:10 ip-172-31-3-148 systemd: Starting Dynamically Generate Message Of The Day...
Sep 10 09:19:15 ip-172-31-3-148 systemd: Started Dynamically Generate Message Of The Day.
Sep 10 09:19:27 ip-172-31-3-148 ansible-command: Invoked with creates=None executable=None _uses_shell=False strip_empty_ends=True _raw_params=which wget removes=None argv=None warn=True chdir=None stdin_add_newline=True stdin=None
Sep 10 09:19:51 ip-172-31-3-148 dhclient[2888]: XMT: Solicit on eth0, interval 129330ms.
Sep 10 09:20:01 ip-172-31-3-148 systemd: Started Session 9 of user root.
Sep 10 09:20:27 ip-172-31-3-148 systemd-logind: Removed session 8.
Sep 10 09:20:27 ip-172-31-3-148 systemd: Removed slice User Slice of ec2-user.
Sep 10 09:21:22 ip-172-31-3-148 systemd: Created slice User Slice of ec2-user.
Sep 10 09:21:22 ip-172-31-3-148 systemd: Started Session 10 of user ec2-user.
Sep 10 09:21:22 ip-172-31-3-148 systemd-logind: New session 10 of user ec2-user.
Sep 10 09:21:23 ip-172-31-3-148 ansible-setup: Invoked with filter=* gather_subset=['all'] fact_path=/etc/ansible/facts.d gather_timeout=10
Sep 10 09:21:25 ip-172-31-3-148 ansible-yum: Invoked with lock_timeout=30 update_cache=False disable_excludes=None exclude=[] allow_downgrade=False disable_gpg_check=False conf_file=None use_backend=auto state=present disablerepo=[] releasever=None skip_broken=False autoremove=False download_dir=None enable_plugin=[] installroot=/ install_weak_deps=True name=['wget'] download_only=False bugfix=False list=None install_repoquery=True update_only=False disable_plugin=[] enablerepo=[] security=False validate_certs=True
Sep 10 09:21:26 ip-172-31-3-148 yum[760]: Installed: wget-1.14-18.amzn2.1.x86_64
Sep 10 09:21:27 ip-172-31-3-148 systemd: Stopped Dynamically Generate Message Of The Day.
Sep 10 09:21:27 ip-172-31-3-148 systemd: Stopping Dynamically Generate Message Of The Day...
Sep 10 09:21:27 ip-172-31-3-148 systemd: Starting Dynamically Generate Message Of The Day...
Sep 10 09:21:32 ip-172-31-3-148 systemd: Started Dynamically Generate Message Of The Day.
Sep 10 09:21:38 ip-172-31-3-148 ansible-command: Invoked with creates=None executable=None _uses_shell=False strip_empty_ends=True _raw_params=which wget removes=None argv=None warn=True chdir=None stdin_add_newline=True stdin=None
Sep 10 09:22:01 ip-172-31-3-148 dhclient[2888]: XMT: Solicit on eth0, interval 126990ms.
Sep 10 09:22:39 ip-172-31-3-148 systemd-logind: Removed session 10.
Sep 10 09:22:39 ip-172-31-3-148 systemd: Removed slice User Slice of ec2-user.
Sep 10 09:22:45 ip-172-31-3-148 systemd: Created slice User Slice of ec2-user.
Sep 10 09:22:45 ip-172-31-3-148 systemd: Started Session 11 of user ec2-user.
Sep 10 09:22:45 ip-172-31-3-148 systemd-logind: New session 11 of user ec2-user.
Sep 10 09:22:46 ip-172-31-3-148 ansible-setup: Invoked with filter=* gather_subset=['all'] fact_path=/etc/ansible/facts.d gather_timeout=10
Sep 10 09:22:48 ip-172-31-3-148 ansible-yum: Invoked with lock_timeout=30 update_cache=False disable_excludes=None exclude=[] allow_downgrade=False disable_gpg_check=False conf_file=None use_backend=auto state=absent disablerepo=[] releasever=None skip_broken=False autoremove=False download_dir=None enable_plugin=[] installroot=/ install_weak_deps=True name=['wget'] download_only=False bugfix=False list=None install_repoquery=True update_only=False disable_plugin=[] enablerepo=[] security=False validate_certs=True
Sep 10 09:22:49 ip-172-31-3-148 yum[1093]: Erased: wget-1.14-18.amzn2.1.x86_64
Sep 10 09:22:49 ip-172-31-3-148 systemd: Stopped Dynamically Generate Message Of The Day.
Sep 10 09:22:49 ip-172-31-3-148 systemd: Stopping Dynamically Generate Message Of The Day...
Sep 10 09:22:49 ip-172-31-3-148 systemd: Starting Dynamically Generate Message Of The Day...
Sep 10 09:22:54 ip-172-31-3-148 systemd: Started Dynamically Generate Message Of The Day.
Sep 10 09:23:04 ip-172-31-3-148 ansible-setup: Invoked with filter=* gather_subset=['all'] fact_path=/etc/ansible/facts.d gather_timeout=10
Sep 10 09:23:06 ip-172-31-3-148 ansible-yum: Invoked with lock_timeout=30 update_cache=False disable_excludes=None exclude=[] allow_downgrade=False disable_gpg_check=False conf_file=None use_backend=auto state=present disablerepo=[] releasever=None skip_broken=False autoremove=False download_dir=None enable_plugin=[] installroot=/ install_weak_deps=True name=['wget'] download_only=False bugfix=False list=None install_repoquery=True update_only=False disable_plugin=[] enablerepo=[] security=False validate_certs=True
Sep 10 09:23:08 ip-172-31-3-148 yum[1308]: Installed: wget-1.14-18.amzn2.1.x86_64
Sep 10 09:23:08 ip-172-31-3-148 systemd: Stopped Dynamically Generate Message Of The Day.
Sep 10 09:23:08 ip-172-31-3-148 systemd: Stopping Dynamically Generate Message Of The Day...
Sep 10 09:23:08 ip-172-31-3-148 systemd: Starting Dynamically Generate Message Of The Day...
Sep 10 09:23:13 ip-172-31-3-148 systemd: Started Dynamically Generate Message Of The Day.
Sep 10 09:24:08 ip-172-31-3-148 dhclient[2888]: XMT: Solicit on eth0, interval 126810ms.
Sep 10 09:24:08 ip-172-31-3-148 systemd-logind: Removed session 11.
Sep 10 09:24:08 ip-172-31-3-148 systemd: Removed slice User Slice of ec2-user.
Sep 10 09:26:14 ip-172-31-3-148 dhclient[2888]: XMT: Solicit on eth0, interval 120060ms.
Sep 10 09:28:15 ip-172-31-3-148 dhclient[2888]: XMT: Solicit on eth0, interval 124520ms.
Sep 10 09:30:01 ip-172-31-3-148 systemd: Started Session 12 of user root.
Sep 10 09:30:19 ip-172-31-3-148 dhclient[2888]: XMT: Solicit on eth0, interval 125240ms.
Sep 10 09:32:24 ip-172-31-3-148 dhclient[2888]: XMT: Solicit on eth0, interval 114870ms.
Sep 10 09:33:00 ip-172-31-3-148 systemd: Created slice User Slice of ec2-user.
Sep 10 09:33:00 ip-172-31-3-148 systemd-logind: New session 13 of user ec2-user.
Sep 10 09:33:00 ip-172-31-3-148 systemd: Started Session 13 of user ec2-user.
Sep 10 09:33:01 ip-172-31-3-148 ansible-setup: Invoked with filter=* gather_subset=['all'] fact_path=/etc/ansible/facts.d gather_timeout=10
Sep 10 09:33:03 ip-172-31-3-148 ansible-yum: Invoked with lock_timeout=30 update_cache=False disable_excludes=None exclude=[] allow_downgrade=True disable_gpg_check=False conf_file=None use_backend=auto state=present disablerepo=[] releasever=None skip_broken=False autoremove=False download_dir=None enable_plugin=[] installroot=/ install_weak_deps=True name=['wget-1.19.5-7.el8'] download_only=False bugfix=False list=None install_repoquery=True update_only=False disable_plugin=[] enablerepo=[] security=False validate_certs=True
Sep 10 09:33:23 ip-172-31-3-148 ansible-setup: Invoked with filter=* gather_subset=['all'] fact_path=/etc/ansible/facts.d gather_timeout=10
Sep 10 09:33:25 ip-172-31-3-148 ansible-yum: Invoked with lock_timeout=30 update_cache=False disable_excludes=None exclude=[] allow_downgrade=False disable_gpg_check=False conf_file=None use_backend=auto state=absent disablerepo=[] releasever=None skip_broken=False autoremove=False download_dir=None enable_plugin=[] installroot=/ install_weak_deps=True name=['wget'] download_only=False bugfix=False list=None install_repoquery=True update_only=False disable_plugin=[] enablerepo=[] security=False validate_certs=True
Sep 10 09:33:26 ip-172-31-3-148 yum[1753]: Erased: wget-1.14-18.amzn2.1.x86_64
Sep 10 09:33:26 ip-172-31-3-148 systemd: Stopped Dynamically Generate Message Of The Day.
Sep 10 09:33:26 ip-172-31-3-148 systemd: Stopping Dynamically Generate Message Of The Day...
Sep 10 09:33:26 ip-172-31-3-148 systemd: Starting Dynamically Generate Message Of The Day...
Sep 10 09:33:31 ip-172-31-3-148 systemd: Started Dynamically Generate Message Of The Day.
Sep 10 09:33:43 ip-172-31-3-148 ansible-command: Invoked with creates=None executable=None _uses_shell=False strip_empty_ends=True _raw_params=wget --version removes=None argv=None warn=True chdir=None stdin_add_newline=True stdin=None
Sep 10 09:33:43 ip-172-31-3-148 ansible-command: [WARNING] Consider using the get_url or uri module rather than running 'wget'.  If you need to use command because get_url or uri is insufficient you can add 'warn: false' to this command task or set 'command_warnings=False' in ansible.cfg to get rid of this message.
Sep 10 09:33:43 ip-172-31-3-148 ansible-command: Error Executing CMD:wget --version Exception:[Errno 2] No such file or directory
Sep 10 09:33:53 ip-172-31-3-148 ansible-setup: Invoked with filter=* gather_subset=['all'] fact_path=/etc/ansible/facts.d gather_timeout=10
Sep 10 09:33:55 ip-172-31-3-148 ansible-yum: Invoked with lock_timeout=30 update_cache=False disable_excludes=None exclude=[] allow_downgrade=True disable_gpg_check=False conf_file=None use_backend=auto state=present disablerepo=[] releasever=None skip_broken=False autoremove=False download_dir=None enable_plugin=[] installroot=/ install_weak_deps=True name=['wget-1.19.5-7.el8'] download_only=False bugfix=False list=None install_repoquery=True update_only=False disable_plugin=[] enablerepo=[] security=False validate_certs=True
Sep 10 09:34:19 ip-172-31-3-148 dhclient[2888]: XMT: Solicit on eth0, interval 123370ms.
Sep 10 09:34:29 ip-172-31-3-148 ansible-command: Invoked with creates=None executable=None _uses_shell=False strip_empty_ends=True _raw_params=yum list wget* removes=None argv=None warn=True chdir=None stdin_add_newline=True stdin=None
Sep 10 09:34:29 ip-172-31-3-148 ansible-command: [WARNING] Consider using the yum module rather than running 'yum'.  If you need to use command because yum is insufficient you can add 'warn: false' to this command task or set 'command_warnings=False' in ansible.cfg to get rid of this message.
Sep 10 09:35:33 ip-172-31-3-148 systemd-logind: Removed session 13.
Sep 10 09:35:33 ip-172-31-3-148 systemd: Removed slice User Slice of ec2-user.
Sep 10 09:35:36 ip-172-31-3-148 systemd: Created slice User Slice of ec2-user.
Sep 10 09:35:36 ip-172-31-3-148 systemd: Started Session 14 of user ec2-user.
Sep 10 09:35:36 ip-172-31-3-148 systemd-logind: New session 14 of user ec2-user.
Sep 10 09:35:37 ip-172-31-3-148 ansible-setup: Invoked with filter=* gather_subset=['all'] fact_path=/etc/ansible/facts.d gather_timeout=10
Sep 10 09:35:39 ip-172-31-3-148 ansible-yum: Invoked with lock_timeout=30 update_cache=False disable_excludes=None exclude=[] allow_downgrade=True disable_gpg_check=False conf_file=None use_backend=auto state=present disablerepo=[] releasever=None skip_broken=False autoremove=False download_dir=None enable_plugin=[] installroot=/ install_weak_deps=True name=['wget-1.14'] download_only=False bugfix=False list=None install_repoquery=True update_only=False disable_plugin=[] enablerepo=[] security=False validate_certs=True
Sep 10 09:35:41 ip-172-31-3-148 yum[2332]: Installed: wget-1.14-18.amzn2.1.x86_64
Sep 10 09:35:41 ip-172-31-3-148 systemd: Stopped Dynamically Generate Message Of The Day.
Sep 10 09:35:41 ip-172-31-3-148 systemd: Stopping Dynamically Generate Message Of The Day...
Sep 10 09:35:41 ip-172-31-3-148 systemd: Starting Dynamically Generate Message Of The Day...
Sep 10 09:35:47 ip-172-31-3-148 systemd: Started Dynamically Generate Message Of The Day.
Sep 10 09:36:05 ip-172-31-3-148 ansible-command: Invoked with creates=None executable=None _uses_shell=False strip_empty_ends=True _raw_params=wget --version removes=None argv=None warn=True chdir=None stdin_add_newline=True stdin=None
Sep 10 09:36:05 ip-172-31-3-148 ansible-command: [WARNING] Consider using the get_url or uri module rather than running 'wget'.  If you need to use command because get_url or uri is insufficient you can add 'warn: false' to this command task or set 'command_warnings=False' in ansible.cfg to get rid of this message.
Sep 10 09:36:23 ip-172-31-3-148 dhclient[2888]: XMT: Solicit on eth0, interval 111440ms.
Sep 10 09:36:27 ip-172-31-3-148 ansible-setup: Invoked with filter=* gather_subset=['all'] fact_path=/etc/ansible/facts.d gather_timeout=10
Sep 10 09:36:29 ip-172-31-3-148 ansible-yum: Invoked with lock_timeout=30 update_cache=False disable_excludes=None exclude=[] allow_downgrade=False disable_gpg_check=False conf_file=None use_backend=auto state=present disablerepo=[] releasever=None skip_broken=False autoremove=False download_dir=None enable_plugin=[] installroot=/ install_weak_deps=True name=['wget'] download_only=False bugfix=False list=None install_repoquery=True update_only=False disable_plugin=[] enablerepo=[] security=False validate_certs=True
Sep 10 09:37:30 ip-172-31-3-148 systemd-logind: Removed session 14.
Sep 10 09:37:30 ip-172-31-3-148 systemd: Removed slice User Slice of ec2-user.
Sep 10 09:38:14 ip-172-31-3-148 dhclient[2888]: XMT: Solicit on eth0, interval 128550ms.
Sep 10 09:40:01 ip-172-31-3-148 systemd: Started Session 15 of user root.
Sep 10 09:40:23 ip-172-31-3-148 dhclient[2888]: XMT: Solicit on eth0, interval 122790ms.
Sep 10 09:41:21 ip-172-31-3-148 dhclient[2839]: DHCPREQUEST on eth0 to 172.31.0.1 port 67 (xid=0x252f8b57)
Sep 10 09:41:21 ip-172-31-3-148 dhclient[2839]: DHCPACK from 172.31.0.1 (xid=0x252f8b57)
Sep 10 09:41:21 ip-172-31-3-148 NET: dhclient: Locked /run/dhclient/resolv.lock
Sep 10 09:41:21 ip-172-31-3-148 dhclient[2839]: bound to 172.31.3.148 -- renewal in 1558 seconds.
Sep 10 09:41:21 ip-172-31-3-148 ec2net: [get_meta] Querying IMDS for meta-data/network/interfaces/macs/0a:0a:b9:14:fa:a8/local-ipv4s
Sep 10 09:41:21 ip-172-31-3-148 ec2net: [get_meta] Getting token for IMDSv2.
Sep 10 09:41:21 ip-172-31-3-148 ec2net: [get_meta] Trying to get http://169.254.169.254/latest/meta-data/network/interfaces/macs/0a:0a:b9:14:fa:a8/local-ipv4s
Sep 10 09:41:21 ip-172-31-3-148 ec2net: [remove_aliases] Removing aliases of eth0
Sep 10 09:42:26 ip-172-31-3-148 dhclient[2888]: XMT: Solicit on eth0, interval 108530ms.
Sep 10 09:44:14 ip-172-31-3-148 dhclient[2888]: XMT: Solicit on eth0, interval 117260ms.
Sep 10 09:46:12 ip-172-31-3-148 dhclient[2888]: XMT: Solicit on eth0, interval 109790ms.
Sep 10 09:48:01 ip-172-31-3-148 dhclient[2888]: XMT: Solicit on eth0, interval 131930ms.
Sep 10 09:50:01 ip-172-31-3-148 systemd: Started Session 16 of user root.
Sep 10 09:50:13 ip-172-31-3-148 dhclient[2888]: XMT: Solicit on eth0, interval 131310ms.
Sep 10 09:52:25 ip-172-31-3-148 dhclient[2888]: XMT: Solicit on eth0, interval 114840ms.
Sep 10 09:54:20 ip-172-31-3-148 dhclient[2888]: XMT: Solicit on eth0, interval 129340ms.
Sep 10 09:56:29 ip-172-31-3-148 dhclient[2888]: XMT: Solicit on eth0, interval 122690ms.
Sep 10 09:58:01 ip-172-31-3-148 systemd: Removed slice User Slice of root.
Sep 10 09:58:32 ip-172-31-3-148 dhclient[2888]: XMT: Solicit on eth0, interval 113610ms.
Sep 10 10:00:01 ip-172-31-3-148 systemd: Created slice User Slice of root.
Sep 10 10:00:01 ip-172-31-3-148 systemd: Started Session 17 of user root.
Sep 10 10:00:01 ip-172-31-3-148 systemd: Removed slice User Slice of root.
Sep 10 10:00:26 ip-172-31-3-148 dhclient[2888]: XMT: Solicit on eth0, interval 113610ms.
Sep 10 10:01:01 ip-172-31-3-148 systemd: Created slice User Slice of root.
Sep 10 10:01:01 ip-172-31-3-148 systemd: Started Session 18 of user root.
Sep 10 10:01:01 ip-172-31-3-148 systemd: Removed slice User Slice of root.
Sep 10 10:02:19 ip-172-31-3-148 dhclient[2888]: XMT: Solicit on eth0, interval 128410ms.
Sep 10 10:04:28 ip-172-31-3-148 dhclient[2888]: XMT: Solicit on eth0, interval 121170ms.
Sep 10 10:06:29 ip-172-31-3-148 dhclient[2888]: XMT: Solicit on eth0, interval 111220ms.
Sep 10 10:07:19 ip-172-31-3-148 dhclient[2839]: DHCPREQUEST on eth0 to 172.31.0.1 port 67 (xid=0x252f8b57)
Sep 10 10:07:19 ip-172-31-3-148 dhclient[2839]: DHCPACK from 172.31.0.1 (xid=0x252f8b57)
Sep 10 10:07:19 ip-172-31-3-148 NET: dhclient: Locked /run/dhclient/resolv.lock
Sep 10 10:07:19 ip-172-31-3-148 dhclient[2839]: bound to 172.31.3.148 -- renewal in 1748 seconds.
Sep 10 10:07:19 ip-172-31-3-148 ec2net: [get_meta] Querying IMDS for meta-data/network/interfaces/macs/0a:0a:b9:14:fa:a8/local-ipv4s
Sep 10 10:07:19 ip-172-31-3-148 ec2net: [get_meta] Getting token for IMDSv2.
Sep 10 10:07:19 ip-172-31-3-148 ec2net: [get_meta] Trying to get http://169.254.169.254/latest/meta-data/network/interfaces/macs/0a:0a:b9:14:fa:a8/local-ipv4s
Sep 10 10:07:19 ip-172-31-3-148 ec2net: [remove_aliases] Removing aliases of eth0
Sep 10 10:08:20 ip-172-31-3-148 dhclient[2888]: XMT: Solicit on eth0, interval 117430ms.
Sep 10 10:10:01 ip-172-31-3-148 systemd: Created slice User Slice of root.
Sep 10 10:10:01 ip-172-31-3-148 systemd: Started Session 19 of user root.
Sep 10 10:10:01 ip-172-31-3-148 systemd: Removed slice User Slice of root.
Sep 10 10:10:18 ip-172-31-3-148 dhclient[2888]: XMT: Solicit on eth0, interval 130350ms.
Sep 10 10:12:28 ip-172-31-3-148 dhclient[2888]: XMT: Solicit on eth0, interval 113530ms.
Sep 10 10:14:22 ip-172-31-3-148 dhclient[2888]: XMT: Solicit on eth0, interval 125660ms.
Sep 10 10:16:27 ip-172-31-3-148 dhclient[2888]: XMT: Solicit on eth0, interval 117330ms.
Sep 10 10:18:25 ip-172-31-3-148 dhclient[2888]: XMT: Solicit on eth0, interval 112800ms.
Sep 10 10:20:01 ip-172-31-3-148 systemd: Created slice User Slice of root.
Sep 10 10:20:01 ip-172-31-3-148 systemd: Started Session 20 of user root.
Sep 10 10:20:01 ip-172-31-3-148 systemd: Removed slice User Slice of root.
Sep 10 10:20:18 ip-172-31-3-148 dhclient[2888]: XMT: Solicit on eth0, interval 116670ms.
Sep 10 10:22:14 ip-172-31-3-148 dhclient[2888]: XMT: Solicit on eth0, interval 126350ms.
Sep 10 10:24:21 ip-172-31-3-148 dhclient[2888]: XMT: Solicit on eth0, interval 130410ms.
Sep 10 10:26:31 ip-172-31-3-148 dhclient[2888]: XMT: Solicit on eth0, interval 109050ms.
Sep 10 10:28:21 ip-172-31-3-148 dhclient[2888]: XMT: Solicit on eth0, interval 113050ms.
Sep 10 10:30:01 ip-172-31-3-148 systemd: Created slice User Slice of root.
Sep 10 10:30:01 ip-172-31-3-148 systemd: Started Session 21 of user root.
Sep 10 10:30:01 ip-172-31-3-148 systemd: Removed slice User Slice of root.
Sep 10 10:30:14 ip-172-31-3-148 dhclient[2888]: XMT: Solicit on eth0, interval 112190ms.
Sep 10 10:32:06 ip-172-31-3-148 dhclient[2888]: XMT: Solicit on eth0, interval 117440ms.
Sep 10 10:32:16 ip-172-31-3-148 systemd: Created slice User Slice of ec2-user.
Sep 10 10:32:16 ip-172-31-3-148 systemd: Started Session 22 of user ec2-user.
Sep 10 10:32:16 ip-172-31-3-148 systemd-logind: New session 22 of user ec2-user.
